01-01 08:23:05.495  5862  5948 D ReaderCore: setAnt DONE
01-01 08:23:05.548  5862  5948 W ANTDEBUG: 0
01-01 08:23:05.548  5862  5948 D ReaderCore: setAnt START
01-01 08:23:05.559  5862  5948 D ReaderCore: setAnt DONE
01-01 08:23:05.580  5862  5948 W ANTDEBUG: 1
01-01 08:23:05.580  5862  5948 D ReaderCore: setAnt START
01-01 08:23:05.591  5862  5948 D ReaderCore: setAnt DONE
01-01 08:23:05.612  5862  5948 W ANTDEBUG: 2
01-01 08:23:05.612  5862  5948 D ReaderCore: setAnt START
01-01 08:23:05.614  5862  5873 I art     : Background sticky concurrent mark sweep GC freed 315184(12MB) AllocSpace objects, 0(0B) LOS objects, 63% free, 6MB/18MB, paused 1.880ms total 105.403ms
01-01 08:23:05.623  5862  5948 D ReaderCore: setAnt DONE
01-01 08:23:05.643  5862  5948 W ANTDEBUG: 3
01-01 08:23:05.643  5862  5948 D ReaderCore: setAnt START
01-01 08:23:05.654  5862  5948 D ReaderCore: setAnt DONE
01-01 08:23:05.706  5862  5948 W ANTDEBUG: 0
01-01 08:23:05.706  5862  5948 D ReaderCore: setAnt START
01-01 08:23:05.717  5862  5948 D ReaderCore: setAnt DONE
01-01 08:23:05.742  5862  5948 W ANTDEBUG: 1
01-01 08:23:05.742  5862  5948 D ReaderCore: setAnt START
01-01 08:23:05.752  5862  5948 D ReaderCore: setAnt DONE
01-01 08:23:05.773  5862  5948 W ANTDEBUG: 2
01-01 08:23:05.773  5862  5948 D ReaderCore: setAnt START
01-01 08:23:05.784  5862  5948 D ReaderCore: setAnt DONE
01-01 08:23:05.804  5862  5948 W ANTDEBUG: 3
01-01 08:23:05.804  5862  5948 D ReaderCore: setAnt START
01-01 08:23:05.815  5862  5948 D ReaderCore: setAnt DONE
01-01 08:23:05.867  5862  5948 W ANTDEBUG: 0
01-01 08:23:05.867  5862  5948 D ReaderCore: setAnt START
01-01 08:23:05.878  5862  5948 D ReaderCore: setAnt DONE
01-01 08:23:05.898  5862  5948 W ANTDEBUG: 1
01-01 08:23:05.898  5862  5948 D ReaderCore: setAnt START
01-01 08:23:05.909  5862  5948 D ReaderCore: setAnt DONE
01-01 08:23:05.930  5862  5948 W ANTDEBUG: 2
01-01 08:23:05.930  5862  5948 D ReaderCore: setAnt START
01-01 08:23:05.940  5862  5948 D ReaderCore: setAnt DONE
01-01 08:23:05.961  5862  5948 W ANTDEBUG: 3
01-01 08:23:05.961  5862  5948 D ReaderCore: setAnt START
01-01 08:23:05.971  5862  5948 D ReaderCore: setAnt DONE
01-01 08:23:06.025  5862  5948 W ANTDEBUG: 0
01-01 08:23:06.025  5862  5948 D ReaderCore: setAnt START
01-01 08:23:06.035  5862  5948 D ReaderCore: setAnt DONE
01-01 08:23:06.057  5862  5948 W ANTDEBUG: 1
01-01 08:23:06.057  5862  5948 D ReaderCore: setAnt START
01-01 08:23:06.067  5862  5948 D ReaderCore: setAnt DONE
01-01 08:23:06.088  5862  5948 W ANTDEBUG: 2
01-01 08:23:06.088  5862  5948 D ReaderCore: setAnt START
01-01 08:23:06.099  5862  5948 D ReaderCore: setAnt DONE
01-01 08:23:06.120  5862  5948 W ANTDEBUG: 3
01-01 08:23:06.120  5862  5948 D ReaderCore: setAnt START
01-01 08:23:06.130  5862  5948 D ReaderCore: setAnt DONE
01-01 08:23:06.184  5862  5948 W ANTDEBUG: 0
01-01 08:23:06.184  5862  5948 D ReaderCore: setAnt START
01-01 08:23:06.194  5862  5948 D ReaderCore: setAnt DONE
01-01 08:23:06.215  5862  5948 W ANTDEBUG: 1
01-01 08:23:06.215  5862  5948 D ReaderCore: setAnt START
01-01 08:23:06.225  5862  5948 D ReaderCore: setAnt DONE
01-01 08:23:06.246  5862  5948 W ANTDEBUG: 2
01-01 08:23:06.246  5862  5948 D ReaderCore: setAnt START
01-01 08:23:06.258  5862  5948 D ReaderCore: setAnt DONE
01-01 08:23:06.279  5862  5948 W ANTDEBUG: 3
01-01 08:23:06.279  5862  5948 D ReaderCore: setAnt START
01-01 08:23:06.289  5862  5948 D ReaderCore: setAnt DONE
01-01 08:23:06.342  5862  5948 W ANTDEBUG: 0
01-01 08:23:06.342  5862  5948 D ReaderCore: setAnt START
01-01 08:23:06.353  5862  5948 D ReaderCore: setAnt DONE
01-01 08:23:06.373  5862  5948 W ANTDEBUG: 1
01-01 08:23:06.373  5862  5948 D ReaderCore: setAnt START
01-01 08:23:06.384  5862  5948 D ReaderCore: setAnt DONE
01-01 08:23:06.405  5862  5948 W ANTDEBUG: 2
01-01 08:23:06.405  5862  5948 D ReaderCore: setAnt START
01-01 08:23:06.415  5862  5948 D ReaderCore: setAnt DONE
01-01 08:23:06.436  5862  5948 W ANTDEBUG: 3
01-01 08:23:06.436  5862  5948 D ReaderCore: setAnt START
01-01 08:23:06.446  5862  5948 D ReaderCore: setAnt DONE
01-01 08:23:06.499  5862  5948 W ANTDEBUG: 0
01-01 08:23:06.499  5862  5948 D ReaderCore: setAnt START
01-01 08:23:06.509  5862  5948 D ReaderCore: setAnt DONE
01-01 08:23:06.530  5862  5948 W ANTDEBUG: 1
01-01 08:23:06.530  5862  5948 D ReaderCore: setAnt START
01-01 08:23:06.541  5862  5948 D ReaderCore: setAnt DONE
01-01 08:23:06.562  5862  5948 W ANTDEBUG: 2
01-01 08:23:06.562  5862  5948 D ReaderCore: setAnt START
01-01 08:23:06.572  5862  5948 D ReaderCore: setAnt DONE
01-01 08:23:06.593  5862  5948 W ANTDEBUG: 3
01-01 08:23:06.593  5862  5948 D ReaderCore: setAnt START
01-01 08:23:06.603  5862  5948 D ReaderCore: setAnt DONE
01-01 08:23:06.658  5862  5948 W ANTDEBUG: 0
01-01 08:23:06.658  5862  5948 D ReaderCore: setAnt START
01-01 08:23:06.668  5862  5948 D ReaderCore: setAnt DONE
01-01 08:23:06.689  5862  5948 W ANTDEBUG: 1
01-01 08:23:06.689  5862  5948 D ReaderCore: setAnt START
01-01 08:23:06.700  5862  5948 D ReaderCore: setAnt DONE
01-01 08:23:06.720  5862  5948 W ANTDEBUG: 2
01-01 08:23:06.721  5862  5948 D ReaderCore: setAnt START
01-01 08:23:06.731  5862  5948 D ReaderCore: setAnt DONE
01-01 08:23:06.752  5862  5948 W ANTDEBUG: 3
01-01 08:23:06.752  5862  5948 D ReaderCore: setAnt START
01-01 08:23:06.763  5862  5948 D ReaderCore: setAnt DONE
01-01 08:23:06.817  5862  5948 W ANTDEBUG: 0
01-01 08:23:06.817  5862  5948 D ReaderCore: setAnt START
01-01 08:23:06.827  5862  5948 D ReaderCore: setAnt DONE
01-01 08:23:06.848  5862  5948 W ANTDEBUG: 1
01-01 08:23:06.848  5862  5948 D ReaderCore: setAnt START
01-01 08:23:06.858  5862  5948 D ReaderCore: setAnt DONE
01-01 08:23:06.879  5862  5948 W ANTDEBUG: 2
01-01 08:23:06.879  5862  5948 D ReaderCore: setAnt START
01-01 08:23:06.889  5862  5948 D ReaderCore: setAnt DONE
01-01 08:23:06.910  5862  5948 W ANTDEBUG: 3
01-01 08:23:06.910  5862  5948 D ReaderCore: setAnt START
01-01 08:23:06.921  5862  5948 D ReaderCore: setAnt DONE
01-01 08:23:06.975  5862  5948 W ANTDEBUG: 0
01-01 08:23:06.975  5862  5948 D ReaderCore: setAnt START
01-01 08:23:06.986  5862  5948 D ReaderCore: setAnt DONE
01-01 08:23:06.996  5110  5110 I OMADM-DBG: I'm alive! Current release version
01-01 08:23:06.996  5110  5110 D OMADM-DBG: Session counter [0]
01-01 08:23:06.997  5110  5110 D OMADM-DBG: The [su_cancel] file is not exist
01-01 08:23:07.007  5862  5948 W ANTDEBUG: 1
01-01 08:23:07.007  5862  5948 D ReaderCore: setAnt START
01-01 08:23:07.018  5862  5948 D ReaderCore: setAnt DONE
01-01 08:23:07.039  5862  5948 W ANTDEBUG: 2
01-01 08:23:07.039  5862  5948 D ReaderCore: setAnt START
01-01 08:23:07.049  5862  5948 D ReaderCore: setAnt DONE
01-01 08:23:07.070  5862  5948 W ANTDEBUG: 3
01-01 08:23:07.070  5862  5948 D ReaderCore: setAnt START
01-01 08:23:07.081  5862  5948 D ReaderCore: setAnt DONE
01-01 08:23:07.136  5862  5948 W ANTDEBUG: 0
01-01 08:23:07.136  5862  5948 D ReaderCore: setAnt START
01-01 08:23:07.147  5862  5948 D ReaderCore: setAnt DONE
01-01 08:23:07.167  5862  5948 W ANTDEBUG: 1
01-01 08:23:07.167  5862  5948 D ReaderCore: setAnt START
01-01 08:23:07.178  5862  5948 D ReaderCore: setAnt DONE
01-01 08:23:07.198  5862  5948 W ANTDEBUG: 2
01-01 08:23:07.199  5862  5948 D ReaderCore: setAnt START
01-01 08:23:07.209  5862  5948 D ReaderCore: setAnt DONE
01-01 08:23:07.230  5862  5948 W ANTDEBUG: 3
01-01 08:23:07.230  5862  5948 D ReaderCore: setAnt START
01-01 08:23:07.240  5862  5948 D ReaderCore: setAnt DONE
01-01 08:23:07.294  5862  5948 W ANTDEBUG: 0
01-01 08:23:07.295  5862  5948 D ReaderCore: setAnt START
01-01 08:23:07.305  5862  5948 D ReaderCore: setAnt DONE
01-01 08:23:07.326  5862  5948 W ANTDEBUG: 1
01-01 08:23:07.326  5862  5948 D ReaderCore: setAnt START
01-01 08:23:07.336  5862  5948 D ReaderCore: setAnt DONE
01-01 08:23:07.357  5862  5948 W ANTDEBUG: 2
01-01 08:23:07.357  5862  5948 D ReaderCore: setAnt START
01-01 08:23:07.368  5862  5948 D ReaderCore: setAnt DONE
01-01 08:23:07.388  5862  5948 W ANTDEBUG: 3
01-01 08:23:07.388  5862  5948 D ReaderCore: setAnt START
01-01 08:23:07.392  4526  4526 D wpa_supplicant: wlan0: Control interface command 'SIGNAL_POLL'
01-01 08:23:07.399  5862  5948 D ReaderCore: setAnt DONE
01-01 08:23:07.404  4526  4526 D wpa_supplicant: CTRL-DEBUG: global_ctrl_sock-sendto: sock=8 sndbuf=163840 outq=0 send_len=48
01-01 08:23:07.453  5862  5948 W ANTDEBUG: 0
01-01 08:23:07.453  5862  5948 D ReaderCore: setAnt START
01-01 08:23:07.464  5862  5948 D ReaderCore: setAnt DONE
01-01 08:23:07.485  5862  5948 W ANTDEBUG: 1
01-01 08:23:07.485  5862  5948 D ReaderCore: setAnt START
01-01 08:23:07.495  5862  5948 D ReaderCore: setAnt DONE
01-01 08:23:07.506  5862  5873 I art     : Background sticky concurrent mark sweep GC freed 309126(12MB) AllocSpace objects, 2(124KB) LOS objects, 63% free, 6MB/18MB, paused 2.150ms total 117.432ms
01-01 08:23:07.516  5862  5948 W ANTDEBUG: 2
01-01 08:23:07.516  5862  5948 D ReaderCore: setAnt START
01-01 08:23:07.527  5862  5948 D ReaderCore: setAnt DONE
01-01 08:23:07.548  5862  5948 W ANTDEBUG: 3
01-01 08:23:07.548  5862  5948 D ReaderCore: setAnt START
01-01 08:23:07.558  5862  5948 D ReaderCore: setAnt DONE
01-01 08:23:07.610  5862  5948 W ANTDEBUG: 0
01-01 08:23:07.611  5862  5948 D ReaderCore: setAnt START
01-01 08:23:07.621  5862  5948 D ReaderCore: setAnt DONE
01-01 08:23:07.641  5862  5948 W ANTDEBUG: 1
01-01 08:23:07.642  5862  5948 D ReaderCore: setAnt START
01-01 08:23:07.652  5862  5948 D ReaderCore: setAnt DONE
01-01 08:23:07.673  5862  5948 W ANTDEBUG: 2
01-01 08:23:07.673  5862  5948 D ReaderCore: setAnt START
01-01 08:23:07.683  5862  5948 D ReaderCore: setAnt DONE
01-01 08:23:07.704  5862  5948 W ANTDEBUG: 3
01-01 08:23:07.704  5862  5948 D ReaderCore: setAnt START
01-01 08:23:07.714  5862  5948 D ReaderCore: setAnt DONE
01-01 08:23:07.767  5862  5948 W ANTDEBUG: 0
01-01 08:23:07.767  5862  5948 D ReaderCore: setAnt START
01-01 08:23:07.777  5862  5948 D ReaderCore: setAnt DONE
01-01 08:23:07.798  5862  5948 W ANTDEBUG: 1
01-01 08:23:07.798  5862  5948 D ReaderCore: setAnt START
01-01 08:23:07.808  5862  5948 D ReaderCore: setAnt DONE
01-01 08:23:07.829  5862  5948 W ANTDEBUG: 2
01-01 08:23:07.829  5862  5948 D ReaderCore: setAnt START
01-01 08:23:07.840  5862  5948 D ReaderCore: setAnt DONE
01-01 08:23:07.860  5862  5948 W ANTDEBUG: 3
01-01 08:23:07.860  5862  5948 D ReaderCore: setAnt START
01-01 08:23:07.871  5862  5948 D ReaderCore: setAnt DONE
01-01 08:23:07.923  5862  5948 W ANTDEBUG: 0
01-01 08:23:07.924  5862  5948 D ReaderCore: setAnt START
01-01 08:23:07.934  5862  5948 D ReaderCore: setAnt DONE
01-01 08:23:07.956  5862  5948 W ANTDEBUG: 1
01-01 08:23:07.959  5862  5948 D ReaderCore: setAnt START
01-01 08:23:07.970  5862  5948 D ReaderCore: setAnt DONE
01-01 08:23:07.990  5862  5948 W ANTDEBUG: 2
01-01 08:23:07.990  5862  5948 D ReaderCore: setAnt START
01-01 08:23:08.001  5862  5948 D ReaderCore: setAnt DONE
01-01 08:23:08.022  5862  5948 W ANTDEBUG: 3
01-01 08:23:08.022  5862  5948 D ReaderCore: setAnt START
01-01 08:23:08.032  5862  5948 D ReaderCore: setAnt DONE
01-01 08:23:08.085  5862  5948 W ANTDEBUG: 0
01-01 08:23:08.085  5862  5948 D ReaderCore: setAnt START
01-01 08:23:08.095  5862  5948 D ReaderCore: setAnt DONE
01-01 08:23:08.116  5862  5948 W ANTDEBUG: 1
01-01 08:23:08.117  5862  5948 D ReaderCore: setAnt START
01-01 08:23:08.127  5862  5948 D ReaderCore: setAnt DONE
01-01 08:23:08.148  5862  5948 W ANTDEBUG: 2
01-01 08:23:08.148  5862  5948 D ReaderCore: setAnt START
01-01 08:23:08.158  5862  5948 D ReaderCore: setAnt DONE
01-01 08:23:08.179  5862  5948 W ANTDEBUG: 3
01-01 08:23:08.179  5862  5948 D ReaderCore: setAnt START
01-01 08:23:08.189  5862  5948 D ReaderCore: setAnt DONE
01-01 08:23:08.242  5862  5948 W ANTDEBUG: 0
01-01 08:23:08.242  5862  5948 D ReaderCore: setAnt START
01-01 08:23:08.253  5862  5948 D ReaderCore: setAnt DONE
01-01 08:23:08.273  5862  5948 W ANTDEBUG: 1
01-01 08:23:08.274  5862  5948 D ReaderCore: setAnt START
01-01 08:23:08.284  5862  5948 D ReaderCore: setAnt DONE
01-01 08:23:08.305  5862  5948 W ANTDEBUG: 2
01-01 08:23:08.305  5862  5948 D ReaderCore: setAnt START
01-01 08:23:08.319  5862  5948 D ReaderCore: setAnt DONE
01-01 08:23:08.340  5862  5948 W ANTDEBUG: 3
01-01 08:23:08.340  5862  5948 D ReaderCore: setAnt START
01-01 08:23:08.350  5862  5948 D ReaderCore: setAnt DONE
01-01 08:23:08.403  5862  5948 W ANTDEBUG: 0
01-01 08:23:08.403  5862  5948 D ReaderCore: setAnt START
01-01 08:23:08.414  5862  5948 D ReaderCore: setAnt DONE
01-01 08:23:08.435  5862  5948 W ANTDEBUG: 1
01-01 08:23:08.435  5862  5948 D ReaderCore: setAnt START
01-01 08:23:08.445  5862  5948 D ReaderCore: setAnt DONE
01-01 08:23:08.466  5862  5948 W ANTDEBUG: 2
01-01 08:23:08.466  5862  5948 D ReaderCore: setAnt START
01-01 08:23:08.476  5862  5948 D ReaderCore: setAnt DONE
01-01 08:23:08.497  5862  5948 W ANTDEBUG: 3
01-01 08:23:08.497  5862  5948 D ReaderCore: setAnt START
01-01 08:23:08.507  5862  5948 D ReaderCore: setAnt DONE
01-01 08:23:08.571  5862  5948 W ANTDEBUG: 0
01-01 08:23:08.571  5862  5948 D ReaderCore: setAnt START
01-01 08:23:08.582  5862  5948 D ReaderCore: setAnt DONE
01-01 08:23:08.603  5862  5948 W ANTDEBUG: 1
01-01 08:23:08.603  5862  5948 D ReaderCore: setAnt START
01-01 08:23:08.613  5862  5948 D ReaderCore: setAnt DONE
01-01 08:23:08.634  5862  5948 W ANTDEBUG: 2
01-01 08:23:08.634  5862  5948 D ReaderCore: setAnt START
01-01 08:23:08.644  5862  5948 D ReaderCore: setAnt DONE
01-01 08:23:08.665  5862  5948 W ANTDEBUG: 3
01-01 08:23:08.665  5862  5948 D ReaderCore: setAnt START
01-01 08:23:08.676  5862  5948 D ReaderCore: setAnt DONE
01-01 08:23:08.729  5862  5948 W ANTDEBUG: 0
01-01 08:23:08.729  5862  5948 D ReaderCore: setAnt START
01-01 08:23:08.740  5862  5948 D ReaderCore: setAnt DONE
01-01 08:23:08.761  5862  5948 W ANTDEBUG: 1
01-01 08:23:08.761  5862  5948 D ReaderCore: setAnt START
01-01 08:23:08.771  5862  5948 D ReaderCore: setAnt DONE
01-01 08:23:08.792  5862  5948 W ANTDEBUG: 2
01-01 08:23:08.792  5862  5948 D ReaderCore: setAnt START
01-01 08:23:08.803  5862  5948 D ReaderCore: setAnt DONE
01-01 08:23:08.824  5862  5948 W ANTDEBUG: 3
01-01 08:23:08.825  5862  5948 D ReaderCore: setAnt START
01-01 08:23:08.836  5862  5948 D ReaderCore: setAnt DONE
01-01 08:23:08.888  5862  5948 W ANTDEBUG: 0
01-01 08:23:08.889  5862  5948 D ReaderCore: setAnt START
01-01 08:23:08.899  5862  5948 D ReaderCore: setAnt DONE
01-01 08:23:08.920  5862  5948 W ANTDEBUG: 1
01-01 08:23:08.920  5862  5948 D ReaderCore: setAnt START
01-01 08:23:08.930  5862  5948 D ReaderCore: setAnt DONE
01-01 08:23:08.951  5862  5948 W ANTDEBUG: 2
01-01 08:23:08.951  5862  5948 D ReaderCore: setAnt START
01-01 08:23:08.961  5862  5948 D ReaderCore: setAnt DONE
01-01 08:23:08.962   374   374 I cnss-daemon: RTM_NEWNEIGH message received: 28
01-01 08:23:08.962   374   374 E cnss-daemon: Stale or unreachable neighbors, ndm state: 4
01-01 08:23:08.982  5862  5948 W ANTDEBUG: 3
01-01 08:23:08.982  5862  5948 D ReaderCore: setAnt START
01-01 08:23:08.992  5862  5948 D ReaderCore: setAnt DONE
01-01 08:23:09.045  5862  5948 W ANTDEBUG: 0
01-01 08:23:09.045  5862  5948 D ReaderCore: setAnt START
01-01 08:23:09.055  5862  5948 D ReaderCore: setAnt DONE
01-01 08:23:09.076  5862  5948 W ANTDEBUG: 1
01-01 08:23:09.076  5862  5948 D ReaderCore: setAnt START
01-01 08:23:09.086  5862  5948 D ReaderCore: setAnt DONE
01-01 08:23:09.107  5862  5948 W ANTDEBUG: 2
01-01 08:23:09.107  5862  5948 D ReaderCore: setAnt START
01-01 08:23:09.117  5862  5948 D ReaderCore: setAnt DONE
01-01 08:23:09.138  5862  5948 W ANTDEBUG: 3
01-01 08:23:09.138  5862  5948 D ReaderCore: setAnt START
01-01 08:23:09.149  5862  5948 D ReaderCore: setAnt DONE
01-01 08:23:09.198  5862  5948 W ANTDEBUG: 0
01-01 08:23:09.198  5862  5948 D ReaderCore: setAnt START
01-01 08:23:09.208  5862  5948 D ReaderCore: setAnt DONE
01-01 08:23:09.229  5862  5948 W ANTDEBUG: 1
01-01 08:23:09.229  5862  5948 D ReaderCore: setAnt START
01-01 08:23:09.240  5862  5948 D ReaderCore: setAnt DONE
01-01 08:23:09.261  5862  5948 W ANTDEBUG: 2
01-01 08:23:09.261  5862  5948 D ReaderCore: setAnt START
01-01 08:23:09.272  5862  5948 D ReaderCore: setAnt DONE
01-01 08:23:09.292  5862  5948 W ANTDEBUG: 3
01-01 08:23:09.293  5862  5948 D ReaderCore: setAnt START
01-01 08:23:09.304  5862  5948 D ReaderCore: setAnt DONE
01-01 08:23:09.358  5862  5948 W ANTDEBUG: 0
01-01 08:23:09.359  5862  5948 D ReaderCore: setAnt START
01-01 08:23:09.361  5862  5873 I art     : Background sticky concurrent mark sweep GC freed 314377(12MB) AllocSpace objects, 0(0B) LOS objects, 63% free, 6MB/18MB, paused 2.915ms total 128.944ms
01-01 08:23:09.369  5862  5948 D ReaderCore: setAnt DONE
01-01 08:23:09.400  5862  5948 W ANTDEBUG: 1
01-01 08:23:09.400  5862  5948 D ReaderCore: setAnt START
01-01 08:23:09.410  5862  5948 D ReaderCore: setAnt DONE
01-01 08:23:09.431  5862  5948 W ANTDEBUG: 2
01-01 08:23:09.431  5862  5948 D ReaderCore: setAnt START
01-01 08:23:09.442  5862  5948 D ReaderCore: setAnt DONE
01-01 08:23:09.462  5862  5948 W ANTDEBUG: 3
01-01 08:23:09.462  5862  5948 D ReaderCore: setAnt START
01-01 08:23:09.473  5862  5948 D ReaderCore: setAnt DONE
01-01 08:23:09.526  5862  5948 W ANTDEBUG: 0
01-01 08:23:09.526  5862  5948 D ReaderCore: setAnt START
01-01 08:23:09.537  5862  5948 D ReaderCore: setAnt DONE
01-01 08:23:09.557  5862  5948 W ANTDEBUG: 1
01-01 08:23:09.558  5862  5948 D ReaderCore: setAnt START
01-01 08:23:09.568  5862  5948 D ReaderCore: setAnt DONE
01-01 08:23:09.591  5862  5948 W ANTDEBUG: 2
01-01 08:23:09.591  5862  5948 D ReaderCore: setAnt START
01-01 08:23:09.603  5862  5948 D ReaderCore: setAnt DONE
01-01 08:23:09.624  5862  5948 W ANTDEBUG: 3
01-01 08:23:09.624  5862  5948 D ReaderCore: setAnt START
01-01 08:23:09.635  5862  5948 D ReaderCore: setAnt DONE
01-01 08:23:09.688  5862  5948 W ANTDEBUG: 0
01-01 08:23:09.688  5862  5948 D ReaderCore: setAnt START
01-01 08:23:09.699  5862  5948 D ReaderCore: setAnt DONE
01-01 08:23:09.719  5862  5948 W ANTDEBUG: 1
01-01 08:23:09.719  5862  5948 D ReaderCore: setAnt START
01-01 08:23:09.730  5862  5948 D ReaderCore: setAnt DONE
01-01 08:23:09.750  5862  5948 W ANTDEBUG: 2
01-01 08:23:09.750  5862  5948 D ReaderCore: setAnt START
01-01 08:23:09.761  5862  5948 D ReaderCore: setAnt DONE
01-01 08:23:09.781  5862  5948 W ANTDEBUG: 3
01-01 08:23:09.782  5862  5948 D ReaderCore: setAnt START
01-01 08:23:09.792  5862  5948 D ReaderCore: setAnt DONE
01-01 08:23:09.846  5862  5948 W ANTDEBUG: 0
01-01 08:23:09.847  5862  5948 D ReaderCore: setAnt START
01-01 08:23:09.857  5862  5948 D ReaderCore: setAnt DONE
01-01 08:23:09.878  5862  5948 W ANTDEBUG: 1
01-01 08:23:09.878  5862  5948 D ReaderCore: setAnt START
01-01 08:23:09.889  5862  5948 D ReaderCore: setAnt DONE
01-01 08:23:09.909  5862  5948 W ANTDEBUG: 2
01-01 08:23:09.909  5862  5948 D ReaderCore: setAnt START
01-01 08:23:09.920  5862  5948 D ReaderCore: setAnt DONE
01-01 08:23:09.940  5862  5948 W ANTDEBUG: 3
01-01 08:23:09.941  5862  5948 D ReaderCore: setAnt START
01-01 08:23:09.951  5862  5948 D ReaderCore: setAnt DONE
01-01 08:23:10.004  5862  5948 W ANTDEBUG: 0
01-01 08:23:10.004  5862  5948 D ReaderCore: setAnt START
01-01 08:23:10.014  5862  5948 D ReaderCore: setAnt DONE
01-01 08:23:10.035  5862  5948 W ANTDEBUG: 1
01-01 08:23:10.035  5862  5948 D ReaderCore: setAnt START
01-01 08:23:10.045  5862  5948 D ReaderCore: setAnt DONE
01-01 08:23:10.066  5862  5948 W ANTDEBUG: 2
01-01 08:23:10.066  5862  5948 D ReaderCore: setAnt START
01-01 08:23:10.077  5862  5948 D ReaderCore: setAnt DONE
01-01 08:23:10.099  5862  5948 W ANTDEBUG: 3
01-01 08:23:10.100  5862  5948 D ReaderCore: setAnt START
01-01 08:23:10.110  5862  5948 D ReaderCore: setAnt DONE
01-01 08:23:10.165  5862  5948 W ANTDEBUG: 0
01-01 08:23:10.166  5862  5948 D ReaderCore: setAnt START
01-01 08:23:10.176  5862  5948 D ReaderCore: setAnt DONE
01-01 08:23:10.197  5862  5948 W ANTDEBUG: 1
01-01 08:23:10.197  5862  5948 D ReaderCore: setAnt START
01-01 08:23:10.207  5862  5948 D ReaderCore: setAnt DONE
01-01 08:23:10.228  5862  5948 W ANTDEBUG: 2
01-01 08:23:10.228  5862  5948 D ReaderCore: setAnt START
01-01 08:23:10.239  5862  5948 D ReaderCore: setAnt DONE
01-01 08:23:10.259  5862  5948 W ANTDEBUG: 3
01-01 08:23:10.259  5862  5948 D ReaderCore: setAnt START
01-01 08:23:10.270  5862  5948 D ReaderCore: setAnt DONE
01-01 08:23:10.322  5862  5948 W ANTDEBUG: 0
01-01 08:23:10.323  5862  5948 D ReaderCore: setAnt START
01-01 08:23:10.333  5862  5948 D ReaderCore: setAnt DONE
01-01 08:23:10.355  5862  5948 W ANTDEBUG: 1
01-01 08:23:10.355  5862  5948 D ReaderCore: setAnt START
01-01 08:23:10.365  5862  5948 D ReaderCore: setAnt DONE
01-01 08:23:10.386  5862  5948 W ANTDEBUG: 2
01-01 08:23:10.386  5862  5948 D ReaderCore: setAnt START
01-01 08:23:10.396  5862  5948 D ReaderCore: setAnt DONE
01-01 08:23:10.409  4526  4526 D wpa_supplicant: wlan0: Control interface command 'SIGNAL_POLL'
01-01 08:23:10.412  4526  4526 D wpa_supplicant: CTRL-DEBUG: global_ctrl_sock-sendto: sock=8 sndbuf=163840 outq=0 send_len=48
01-01 08:23:10.417  5862  5948 W ANTDEBUG: 3
01-01 08:23:10.417  5862  5948 D ReaderCore: setAnt START
01-01 08:23:10.428  5862  5948 D ReaderCore: setAnt DONE
01-01 08:23:10.480  5862  5948 W ANTDEBUG: 0
01-01 08:23:10.480  5862  5948 D ReaderCore: setAnt START
01-01 08:23:10.491  5862  5948 D ReaderCore: setAnt DONE
01-01 08:23:10.511  5862  5948 W ANTDEBUG: 1
01-01 08:23:10.511  5862  5948 D ReaderCore: setAnt START
01-01 08:23:10.522  5862  5948 D ReaderCore: setAnt DONE
01-01 08:23:10.543  5862  5948 W ANTDEBUG: 2
01-01 08:23:10.543  5862  5948 D ReaderCore: setAnt START
01-01 08:23:10.553  5862  5948 D ReaderCore: setAnt DONE
01-01 08:23:10.574  5862  5948 W ANTDEBUG: 3
01-01 08:23:10.574  5862  5948 D ReaderCore: setAnt START
01-01 08:23:10.585  5862  5948 D ReaderCore: setAnt DONE
01-01 08:23:10.638  5862  5948 W ANTDEBUG: 0
01-01 08:23:10.638  5862  5948 D ReaderCore: setAnt START
01-01 08:23:10.648  5862  5948 D ReaderCore: setAnt DONE
01-01 08:23:10.669  5862  5948 W ANTDEBUG: 1
01-01 08:23:10.669  5862  5948 D ReaderCore: setAnt START
01-01 08:23:10.679  5862  5948 D ReaderCore: setAnt DONE
01-01 08:23:10.700  5862  5948 W ANTDEBUG: 2
01-01 08:23:10.700  5862  5948 D ReaderCore: setAnt START
01-01 08:23:10.711  5862  5948 D ReaderCore: setAnt DONE
01-01 08:23:10.731  5862  5948 W ANTDEBUG: 3
01-01 08:23:10.732  5862  5948 D ReaderCore: setAnt START
01-01 08:23:10.742  5862  5948 D ReaderCore: setAnt DONE
01-01 08:23:10.795  5862  5948 W ANTDEBUG: 0
01-01 08:23:10.795  5862  5948 D ReaderCore: setAnt START
01-01 08:23:10.805  5862  5948 D ReaderCore: setAnt DONE
01-01 08:23:10.826  5862  5948 W ANTDEBUG: 1
01-01 08:23:10.826  5862  5948 D ReaderCore: setAnt START
01-01 08:23:10.836  5862  5948 D ReaderCore: setAnt DONE
01-01 08:23:10.857  5862  5948 W ANTDEBUG: 2
01-01 08:23:10.857  5862  5948 D ReaderCore: setAnt START
01-01 08:23:10.868  5862  5948 D ReaderCore: setAnt DONE
01-01 08:23:10.892  5862  5948 W ANTDEBUG: 3
01-01 08:23:10.892  5862  5948 D ReaderCore: setAnt START
01-01 08:23:10.904  5862  5948 D ReaderCore: setAnt DONE
01-01 08:23:10.958  5862  5948 W ANTDEBUG: 0
01-01 08:23:10.958  5862  5948 D ReaderCore: setAnt START
01-01 08:23:10.968  5862  5948 D ReaderCore: setAnt DONE
01-01 08:23:10.989  5862  5948 W ANTDEBUG: 1
01-01 08:23:10.989  5862  5948 D ReaderCore: setAnt START
01-01 08:23:11.000  5862  5948 D ReaderCore: setAnt DONE
01-01 08:23:11.020  5862  5948 W ANTDEBUG: 2
01-01 08:23:11.020  5862  5948 D ReaderCore: setAnt START
01-01 08:23:11.031  5862  5948 D ReaderCore: setAnt DONE
01-01 08:23:11.052  5862  5948 W ANTDEBUG: 3
01-01 08:23:11.052  5862  5948 D ReaderCore: setAnt START
01-01 08:23:11.063  5862  5948 D ReaderCore: setAnt DONE
01-01 08:23:11.116  5862  5948 W ANTDEBUG: 0
01-01 08:23:11.116  5862  5948 D ReaderCore: setAnt START
01-01 08:23:11.126  5862  5948 D ReaderCore: setAnt DONE
01-01 08:23:11.151  5862  5948 W ANTDEBUG: 1
01-01 08:23:11.152  5862  5948 D ReaderCore: setAnt START
01-01 08:23:11.162  5862  5948 D ReaderCore: setAnt DONE
01-01 08:23:11.171  5862  5873 I art     : Background sticky concurrent mark sweep GC freed 312842(12MB) AllocSpace objects, 0(0B) LOS objects, 61% free, 7MB/18MB, paused 2.003ms total 123.589ms
01-01 08:23:11.183  5862  5948 W ANTDEBUG: 2
01-01 08:23:11.183  5862  5948 D ReaderCore: setAnt START
01-01 08:23:11.193  5862  5948 D ReaderCore: setAnt DONE
01-01 08:23:11.214  5862  5948 W ANTDEBUG: 3
01-01 08:23:11.214  5862  5948 D ReaderCore: setAnt START
01-01 08:23:11.224  5862  5948 D ReaderCore: setAnt DONE
01-01 08:23:11.277  5862  5948 W ANTDEBUG: 0
01-01 08:23:11.277  5862  5948 D ReaderCore: setAnt START
01-01 08:23:11.287  5862  5948 D ReaderCore: setAnt DONE
01-01 08:23:11.308  5862  5948 W ANTDEBUG: 1
01-01 08:23:11.308  5862  5948 D ReaderCore: setAnt START
01-01 08:23:11.319  5862  5948 D ReaderCore: setAnt DONE
01-01 08:23:11.340  5862  5948 W ANTDEBUG: 2
01-01 08:23:11.340  5862  5948 D ReaderCore: setAnt START
01-01 08:23:11.350  5862  5948 D ReaderCore: setAnt DONE
01-01 08:23:11.371  5862  5948 W ANTDEBUG: 3
01-01 08:23:11.372  5862  5948 D ReaderCore: setAnt START
01-01 08:23:11.382  5862  5948 D ReaderCore: setAnt DONE
01-01 08:23:11.431  5862  5948 W ANTDEBUG: 0
01-01 08:23:11.431  5862  5948 D ReaderCore: setAnt START
01-01 08:23:11.441  5862  5948 D ReaderCore: setAnt DONE
01-01 08:23:11.462  5862  5948 W ANTDEBUG: 1
01-01 08:23:11.462  5862  5948 D ReaderCore: setAnt START
01-01 08:23:11.473  5862  5948 D ReaderCore: setAnt DONE
01-01 08:23:11.493  5862  5948 W ANTDEBUG: 2
01-01 08:23:11.493  5862  5948 D ReaderCore: setAnt START
01-01 08:23:11.504  5862  5948 D ReaderCore: setAnt DONE
01-01 08:23:11.527  5862  5948 W ANTDEBUG: 3
01-01 08:23:11.527  5862  5948 D ReaderCore: setAnt START
01-01 08:23:11.538  5862  5948 D ReaderCore: setAnt DONE
01-01 08:23:11.601  5862  5948 W ANTDEBUG: 0
01-01 08:23:11.601  5862  5948 D ReaderCore: setAnt START
01-01 08:23:11.611  5862  5948 D ReaderCore: setAnt DONE
01-01 08:23:11.632  5862  5948 W ANTDEBUG: 1
01-01 08:23:11.632  5862  5948 D ReaderCore: setAnt START
01-01 08:23:11.643  5862  5948 D ReaderCore: setAnt DONE
01-01 08:23:11.663  5862  5948 W ANTDEBUG: 2
01-01 08:23:11.664  5862  5948 D ReaderCore: setAnt START
01-01 08:23:11.674  5862  5948 D ReaderCore: setAnt DONE
01-01 08:23:11.695  5862  5948 W ANTDEBUG: 3
01-01 08:23:11.695  5862  5948 D ReaderCore: setAnt START
01-01 08:23:11.707  5862  5948 D ReaderCore: setAnt DONE
01-01 08:23:11.763  5862  5948 W ANTDEBUG: 0
01-01 08:23:11.763  5862  5948 D ReaderCore: setAnt START
01-01 08:23:11.774  5862  5948 D ReaderCore: setAnt DONE
01-01 08:23:11.796  5862  5948 W ANTDEBUG: 1
01-01 08:23:11.796  5862  5948 D ReaderCore: setAnt START
01-01 08:23:11.806  5862  5948 D ReaderCore: setAnt DONE
01-01 08:23:11.827  5862  5948 W ANTDEBUG: 2
01-01 08:23:11.827  5862  5948 D ReaderCore: setAnt START
01-01 08:23:11.837  5862  5948 D ReaderCore: setAnt DONE
01-01 08:23:11.858  5862  5948 W ANTDEBUG: 3
01-01 08:23:11.858  5862  5948 D ReaderCore: setAnt START
01-01 08:23:11.868  5862  5948 D ReaderCore: setAnt DONE
01-01 08:23:11.923  5862  5948 W ANTDEBUG: 0
01-01 08:23:11.923  5862  5948 D ReaderCore: setAnt START
01-01 08:23:11.935  5862  5948 D ReaderCore: setAnt DONE
01-01 08:23:11.958  5862  5948 W ANTDEBUG: 1
01-01 08:23:11.959  5862  5948 D ReaderCore: setAnt START
01-01 08:23:11.969  5862  5948 D ReaderCore: setAnt DONE
01-01 08:23:11.990  5862  5948 W ANTDEBUG: 2
01-01 08:23:11.990  5862  5948 D ReaderCore: setAnt START
01-01 08:23:12.000  5862  5948 D ReaderCore: setAnt DONE
01-01 08:23:12.021  5862  5948 W ANTDEBUG: 3
01-01 08:23:12.021  5862  5948 D ReaderCore: setAnt START
01-01 08:23:12.032  5862  5948 D ReaderCore: setAnt DONE
01-01 08:23:12.092  5862  5948 W ANTDEBUG: 0
01-01 08:23:12.095  5862  5948 D ReaderCore: setAnt START
01-01 08:23:12.106  5862  5948 D ReaderCore: setAnt DONE
01-01 08:23:12.127  5862  5948 W ANTDEBUG: 1
01-01 08:23:12.127  5862  5948 D ReaderCore: setAnt START
01-01 08:23:12.137  5862  5948 D ReaderCore: setAnt DONE
01-01 08:23:12.158  5862  5948 W ANTDEBUG: 2
01-01 08:23:12.158  5862  5948 D ReaderCore: setAnt START
01-01 08:23:12.169  5862  5948 D ReaderCore: setAnt DONE
01-01 08:23:12.189  5862  5948 W ANTDEBUG: 3
01-01 08:23:12.189  5862  5948 D ReaderCore: setAnt START
01-01 08:23:12.200  5862  5948 D ReaderCore: setAnt DONE
01-01 08:23:12.252  5862  5948 W ANTDEBUG: 0
01-01 08:23:12.252  5862  5948 D ReaderCore: setAnt START
01-01 08:23:12.263  5862  5948 D ReaderCore: setAnt DONE
01-01 08:23:12.284  5862  5948 W ANTDEBUG: 1
01-01 08:23:12.284  5862  5948 D ReaderCore: setAnt START
01-01 08:23:12.294  5862  5948 D ReaderCore: setAnt DONE
01-01 08:23:12.315  5862  5948 W ANTDEBUG: 2
01-01 08:23:12.315  5862  5948 D ReaderCore: setAnt START
01-01 08:23:12.325  5862  5948 D ReaderCore: setAnt DONE
01-01 08:23:12.346  5862  5948 W ANTDEBUG: 3
01-01 08:23:12.346  5862  5948 D ReaderCore: setAnt START
01-01 08:23:12.357  5862  5948 D ReaderCore: setAnt DONE
01-01 08:23:12.420  5862  5948 W ANTDEBUG: 0
01-01 08:23:12.420  5862  5948 D ReaderCore: setAnt START
01-01 08:23:12.431  5862  5948 D ReaderCore: setAnt DONE
01-01 08:23:12.452  5862  5948 W ANTDEBUG: 1
01-01 08:23:12.452  5862  5948 D ReaderCore: setAnt START
01-01 08:23:12.462  5862  5948 D ReaderCore: setAnt DONE
01-01 08:23:12.483  5862  5948 W ANTDEBUG: 2
01-01 08:23:12.483  5862  5948 D ReaderCore: setAnt START
01-01 08:23:12.494  5862  5948 D ReaderCore: setAnt DONE
01-01 08:23:12.514  5862  5948 W ANTDEBUG: 3
01-01 08:23:12.514  5862  5948 D ReaderCore: setAnt START
01-01 08:23:12.525  5862  5948 D ReaderCore: setAnt DONE
01-01 08:23:12.577  5862  5948 W ANTDEBUG: 0
01-01 08:23:12.577  5862  5948 D ReaderCore: setAnt START
01-01 08:23:12.588  5862  5948 D ReaderCore: setAnt DONE
01-01 08:23:12.608  5862  5948 W ANTDEBUG: 1
01-01 08:23:12.609  5862  5948 D ReaderCore: setAnt START
01-01 08:23:12.619  5862  5948 D ReaderCore: setAnt DONE
01-01 08:23:12.640  5862  5948 W ANTDEBUG: 2
01-01 08:23:12.640  5862  5948 D ReaderCore: setAnt START
01-01 08:23:12.651  5862  5948 D ReaderCore: setAnt DONE
01-01 08:23:12.672  5862  5948 W ANTDEBUG: 3
01-01 08:23:12.672  5862  5948 D ReaderCore: setAnt START
01-01 08:23:12.682  5862  5948 D ReaderCore: setAnt DONE
01-01 08:23:12.735  5862  5948 W ANTDEBUG: 0
01-01 08:23:12.736  5862  5948 D ReaderCore: setAnt START
01-01 08:23:12.746  5862  5948 D ReaderCore: setAnt DONE
01-01 08:23:12.767  5862  5948 W ANTDEBUG: 1
01-01 08:23:12.767  5862  5948 D ReaderCore: setAnt START
01-01 08:23:12.777  5862  5948 D ReaderCore: setAnt DONE
01-01 08:23:12.798  5862  5948 W ANTDEBUG: 2
01-01 08:23:12.798  5862  5948 D ReaderCore: setAnt START
01-01 08:23:12.809  5862  5948 D ReaderCore: setAnt DONE
01-01 08:23:12.829  5862  5948 W ANTDEBUG: 3
01-01 08:23:12.829  5862  5948 D ReaderCore: setAnt START
01-01 08:23:12.840  5862  5948 D ReaderCore: setAnt DONE
01-01 08:23:12.894  5862  5948 W ANTDEBUG: 0
01-01 08:23:12.894  5862  5948 D ReaderCore: setAnt START
01-01 08:23:12.905  5862  5948 D ReaderCore: setAnt DONE
01-01 08:23:12.928  5862  5948 W ANTDEBUG: 1
01-01 08:23:12.928  5862  5948 D ReaderCore: setAnt START
01-01 08:23:12.938  5862  5948 D ReaderCore: setAnt DONE
01-01 08:23:12.959  5862  5948 W ANTDEBUG: 2
01-01 08:23:12.959  5862  5948 D ReaderCore: setAnt START
01-01 08:23:12.971  5862  5948 D ReaderCore: setAnt DONE
01-01 08:23:12.992  5862  5948 W ANTDEBUG: 3
01-01 08:23:12.993  5862  5948 D ReaderCore: setAnt START
01-01 08:23:13.003  5862  5948 D ReaderCore: setAnt DONE
01-01 08:23:13.005  5862  5873 I art     : Background sticky concurrent mark sweep GC freed 305235(11MB) AllocSpace objects, 2(124KB) LOS objects, 63% free, 6MB/18MB, paused 2.152ms total 118.196ms
01-01 08:23:13.055  5862  5948 W ANTDEBUG: 0
01-01 08:23:13.055  5862  5948 D ReaderCore: setAnt START
01-01 08:23:13.066  5862  5948 D ReaderCore: setAnt DONE
01-01 08:23:13.086  5862  5948 W ANTDEBUG: 1
01-01 08:23:13.087  5862  5948 D ReaderCore: setAnt START
01-01 08:23:13.097  5862  5948 D ReaderCore: setAnt DONE
01-01 08:23:13.119  5862  5948 W ANTDEBUG: 2
01-01 08:23:13.119  5862  5948 D ReaderCore: setAnt START
01-01 08:23:13.129  5862  5948 D ReaderCore: setAnt DONE
01-01 08:23:13.150  5862  5948 W ANTDEBUG: 3
01-01 08:23:13.150  5862  5948 D ReaderCore: setAnt START
01-01 08:23:13.161  5862  5948 D ReaderCore: setAnt DONE
01-01 08:23:13.213  5862  5948 W ANTDEBUG: 0
01-01 08:23:13.213  5862  5948 D ReaderCore: setAnt START
01-01 08:23:13.224  5862  5948 D ReaderCore: setAnt DONE
01-01 08:23:13.244  5862  5948 W ANTDEBUG: 1
01-01 08:23:13.245  5862  5948 D ReaderCore: setAnt START
01-01 08:23:13.255  5862  5948 D ReaderCore: setAnt DONE
01-01 08:23:13.276  5862  5948 W ANTDEBUG: 2
01-01 08:23:13.276  5862  5948 D ReaderCore: setAnt START
01-01 08:23:13.286  5862  5948 D ReaderCore: setAnt DONE
01-01 08:23:13.307  5862  5948 W ANTDEBUG: 3
01-01 08:23:13.307  5862  5948 D ReaderCore: setAnt START
01-01 08:23:13.317  5862  5948 D ReaderCore: setAnt DONE
01-01 08:23:13.370  5862  5948 W ANTDEBUG: 0
01-01 08:23:13.370  5862  5948 D ReaderCore: setAnt START
01-01 08:23:13.381  5862  5948 D ReaderCore: setAnt DONE
01-01 08:23:13.401  5862  5948 W ANTDEBUG: 1
01-01 08:23:13.401  5862  5948 D ReaderCore: setAnt START
01-01 08:23:13.412  5862  5948 D ReaderCore: setAnt DONE
01-01 08:23:13.416  4526  4526 D wpa_supplicant: wlan0: Control interface command 'SIGNAL_POLL'
01-01 08:23:13.419  4526  4526 D wpa_supplicant: CTRL-DEBUG: global_ctrl_sock-sendto: sock=8 sndbuf=163840 outq=0 send_len=48
01-01 08:23:13.432  5862  5948 W ANTDEBUG: 2
01-01 08:23:13.433  5862  5948 D ReaderCore: setAnt START
01-01 08:23:13.443  5862  5948 D ReaderCore: setAnt DONE
01-01 08:23:13.464  5862  5948 W ANTDEBUG: 3
01-01 08:23:13.464  5862  5948 D ReaderCore: setAnt START
01-01 08:23:13.486  5862  5948 D ReaderCore: setAnt DONE
01-01 08:23:13.538  5862  5948 W ANTDEBUG: 0
01-01 08:23:13.538  5862  5948 D ReaderCore: setAnt START
01-01 08:23:13.549  5862  5948 D ReaderCore: setAnt DONE
01-01 08:23:13.569  5862  5948 W ANTDEBUG: 1
01-01 08:23:13.569  5862  5948 D ReaderCore: setAnt START
01-01 08:23:13.580  5862  5948 D ReaderCore: setAnt DONE
01-01 08:23:13.600  5862  5948 W ANTDEBUG: 2
01-01 08:23:13.601  5862  5948 D ReaderCore: setAnt START
01-01 08:23:13.611  5862  5948 D ReaderCore: setAnt DONE
01-01 08:23:13.632  5862  5948 W ANTDEBUG: 3
01-01 08:23:13.632  5862  5948 D ReaderCore: setAnt START
01-01 08:23:13.642  5862  5948 D ReaderCore: setAnt DONE
01-01 08:23:13.695  5862  5948 W ANTDEBUG: 0
01-01 08:23:13.695  5862  5948 D ReaderCore: setAnt START
01-01 08:23:13.705  5862  5948 D ReaderCore: setAnt DONE
01-01 08:23:13.726  5862  5948 W ANTDEBUG: 1
01-01 08:23:13.726  5862  5948 D ReaderCore: setAnt START
01-01 08:23:13.737  5862  5948 D ReaderCore: setAnt DONE
01-01 08:23:13.757  5862  5948 W ANTDEBUG: 2
01-01 08:23:13.757  5862  5948 D ReaderCore: setAnt START
01-01 08:23:13.768  5862  5948 D ReaderCore: setAnt DONE
01-01 08:23:13.790  5862  5948 W ANTDEBUG: 3
01-01 08:23:13.790  5862  5948 D ReaderCore: setAnt START
01-01 08:23:13.801  5862  5948 D ReaderCore: setAnt DONE
01-01 08:23:13.854  5862  5948 W ANTDEBUG: 0
01-01 08:23:13.854  5862  5948 D ReaderCore: setAnt START
01-01 08:23:13.865  5862  5948 D ReaderCore: setAnt DONE
01-01 08:23:13.886  5862  5948 W ANTDEBUG: 1
01-01 08:23:13.886  5862  5948 D ReaderCore: setAnt START
01-01 08:23:13.896  5862  5948 D ReaderCore: setAnt DONE
01-01 08:23:13.917  5862  5948 W ANTDEBUG: 2
01-01 08:23:13.917  5862  5948 D ReaderCore: setAnt START
01-01 08:23:13.927  5862  5948 D ReaderCore: setAnt DONE
01-01 08:23:13.948  5862  5948 W ANTDEBUG: 3
01-01 08:23:13.948  5862  5948 D ReaderCore: setAnt START
01-01 08:23:13.959  5862  5948 D ReaderCore: setAnt DONE
01-01 08:23:14.011  5862  5948 W ANTDEBUG: 0
01-01 08:23:14.011  5862  5948 D ReaderCore: setAnt START
01-01 08:23:14.022  5862  5948 D ReaderCore: setAnt DONE
01-01 08:23:14.044  5862  5948 W ANTDEBUG: 1
01-01 08:23:14.044  5862  5948 D ReaderCore: setAnt START
01-01 08:23:14.054  5862  5948 D ReaderCore: setAnt DONE
01-01 08:23:14.075  5862  5948 W ANTDEBUG: 2
01-01 08:23:14.075  5862  5948 D ReaderCore: setAnt START
01-01 08:23:14.085  5862  5948 D ReaderCore: setAnt DONE
01-01 08:23:14.106  5862  5948 W ANTDEBUG: 3
01-01 08:23:14.106  5862  5948 D ReaderCore: setAnt START
01-01 08:23:14.117  5862  5948 D ReaderCore: setAnt DONE
01-01 08:23:14.170  5862  5948 W ANTDEBUG: 0
01-01 08:23:14.170  5862  5948 D ReaderCore: setAnt START
01-01 08:23:14.180  5862  5948 D ReaderCore: setAnt DONE
01-01 08:23:14.201  5862  5948 W ANTDEBUG: 1
01-01 08:23:14.201  5862  5948 D ReaderCore: setAnt START
01-01 08:23:14.212  5862  5948 D ReaderCore: setAnt DONE
01-01 08:23:14.232  5862  5948 W ANTDEBUG: 2
01-01 08:23:14.232  5862  5948 D ReaderCore: setAnt START
01-01 08:23:14.243  5862  5948 D ReaderCore: setAnt DONE
01-01 08:23:14.263  5862  5948 W ANTDEBUG: 3
01-01 08:23:14.264  5862  5948 D ReaderCore: setAnt START
01-01 08:23:14.274  5862  5948 D ReaderCore: setAnt DONE
01-01 08:23:14.326  5862  5948 W ANTDEBUG: 0
01-01 08:23:14.327  5862  5948 D ReaderCore: setAnt START
01-01 08:23:14.337  5862  5948 D ReaderCore: setAnt DONE
01-01 08:23:14.358  5862  5948 W ANTDEBUG: 1
01-01 08:23:14.358  5862  5948 D ReaderCore: setAnt START
01-01 08:23:14.368  5862  5948 D ReaderCore: setAnt DONE
01-01 08:23:14.389  5862  5948 W ANTDEBUG: 2
01-01 08:23:14.389  5862  5948 D ReaderCore: setAnt START
01-01 08:23:14.399  5862  5948 D ReaderCore: setAnt DONE
01-01 08:23:14.420  5862  5948 W ANTDEBUG: 3
01-01 08:23:14.420  5862  5948 D ReaderCore: setAnt START
01-01 08:23:14.430  5862  5948 D ReaderCore: setAnt DONE
01-01 08:23:14.484  5862  5948 W ANTDEBUG: 0
01-01 08:23:14.484  5862  5948 D ReaderCore: setAnt START
01-01 08:23:14.495  5862  5948 D ReaderCore: setAnt DONE
01-01 08:23:14.517  5862  5948 W ANTDEBUG: 1
01-01 08:23:14.517  5862  5948 D ReaderCore: setAnt START
01-01 08:23:14.528  5862  5948 D ReaderCore: setAnt DONE
01-01 08:23:14.550  5862  5948 W ANTDEBUG: 2
01-01 08:23:14.550  5862  5948 D ReaderCore: setAnt START
01-01 08:23:14.560  5862  5948 D ReaderCore: setAnt DONE
01-01 08:23:14.581  5862  5948 W ANTDEBUG: 3
01-01 08:23:14.581  5862  5948 D ReaderCore: setAnt START
01-01 08:23:14.592  5862  5948 D ReaderCore: setAnt DONE
01-01 08:23:14.622  4526  4526 D wpa_supplicant: wlan0: Control interface command 'SCAN TYPE=ONLY'
01-01 08:23:14.622  4526  4526 D wpa_supplicant: wlan0: Setting scan request: 0.000000 sec
01-01 08:23:14.622  4526  4526 D wpa_supplicant: CTRL-DEBUG: global_ctrl_sock-sendto: sock=8 sndbuf=163840 outq=0 send_len=3
01-01 08:23:14.622  4526  4526 D wpa_supplicant: wlan0: Starting AP scan for wildcard SSID
01-01 08:23:14.622  4526  4526 D wpa_supplicant: wlan0: Add radio work 'scan'@0xb3116060
01-01 08:23:14.622  4526  4526 D wpa_supplicant: wlan0: First radio work item in the queue - schedule start immediately
01-01 08:23:14.622  4526  4526 D wpa_supplicant: wlan0: Starting radio work 'scan'@0xb3116060 after 0.000097 second wait
01-01 08:23:14.622  4526  4526 D wpa_supplicant: wlan0: nl80211: scan request
01-01 08:23:14.622  4526  4526 D wpa_supplicant: nl80211: Scan SSID - hexdump(len=0): [NULL]
01-01 08:23:14.623  4526  4526 D wpa_supplicant: nl80211: Scan extra IEs - hexdump(len=18): 7f 06 00 00 0a 82 01 40 6b 01 0f dd 05 50 6f 9a 10 10
01-01 08:23:14.624  4526  4526 D wpa_supplicant: Scan requested (ret=0) - scan timeout 30 seconds
01-01 08:23:14.624  4526  4526 D wpa_supplicant: nl80211: Event message available
01-01 08:23:14.624  4526  4526 D wpa_supplicant: nl80211: Drv Event 33 (NL80211_CMD_TRIGGER_SCAN) received for wlan0
01-01 08:23:14.624  4526  4526 D wpa_supplicant: wlan0: nl80211: Scan trigger
01-01 08:23:14.624  4526  4526 D wpa_supplicant: wlan0: Event SCAN_STARTED (47) received
01-01 08:23:14.624  4526  4526 D wpa_supplicant: wlan0: Own scan request started a scan in 0.000377 seconds
01-01 08:23:14.625  4526  4526 D wpa_supplicant: CTRL-DEBUG: ctrl_sock-sendmsg: sock=8 sndbuf=163840 outq=0 send_len=24
01-01 08:23:14.625  4526  4526 D wpa_supplicant: CTRL_IFACE monitor sent successfully to /data/misc/wifi/sockets/wpa_ctrl_333-2\x00
01-01 08:23:14.625  4526  4526 D wpa_supplicant: CTRL-DEBUG: ctrl_sock-sendmsg: sock=8 sndbuf=163840 outq=448 send_len=24
01-01 08:23:14.626  4526  4526 D wpa_supplicant: CTRL_IFACE monitor sent successfully to /data/misc/wifi/sockets/wpa_ctrl_3777-2\x00
01-01 08:23:14.645  5862  5948 W ANTDEBUG: 0
01-01 08:23:14.645  5862  5948 D ReaderCore: setAnt START
01-01 08:23:14.656  5862  5948 D ReaderCore: setAnt DONE
01-01 08:23:14.677  5862  5948 W ANTDEBUG: 1
01-01 08:23:14.677  5862  5948 D ReaderCore: setAnt START
01-01 08:23:14.688  5862  5948 D ReaderCore: setAnt DONE
01-01 08:23:14.709  5862  5948 W ANTDEBUG: 2
01-01 08:23:14.710  5862  5948 D ReaderCore: setAnt START
01-01 08:23:14.720  5862  5948 D ReaderCore: setAnt DONE
01-01 08:23:14.741  5862  5948 W ANTDEBUG: 3
01-01 08:23:14.741  5862  5948 D ReaderCore: setAnt START
01-01 08:23:14.752  5862  5948 D ReaderCore: setAnt DONE
01-01 08:23:14.805  5862  5948 W ANTDEBUG: 0
01-01 08:23:14.805  5862  5948 D ReaderCore: setAnt START
01-01 08:23:14.813  5862  5873 I art     : Background sticky concurrent mark sweep GC freed 309926(12MB) AllocSpace objects, 0(0B) LOS objects, 62% free, 6MB/18MB, paused 2.196ms total 116.780ms
01-01 08:23:14.816  5862  5948 D ReaderCore: setAnt DONE
01-01 08:23:14.836  5862  5948 W ANTDEBUG: 1
01-01 08:23:14.836  5862  5948 D ReaderCore: setAnt START
01-01 08:23:14.847  5862  5948 D ReaderCore: setAnt DONE
01-01 08:23:14.867  5862  5948 W ANTDEBUG: 2
01-01 08:23:14.867  5862  5948 D ReaderCore: setAnt START
01-01 08:23:14.878  5862  5948 D ReaderCore: setAnt DONE
01-01 08:23:14.898  5862  5948 W ANTDEBUG: 3
01-01 08:23:14.898  5862  5948 D ReaderCore: setAnt START
01-01 08:23:14.909  5862  5948 D ReaderCore: setAnt DONE
01-01 08:23:14.962  5862  5948 W ANTDEBUG: 0
01-01 08:23:14.962  5862  5948 D ReaderCore: setAnt START
01-01 08:23:14.973  5862  5948 D ReaderCore: setAnt DONE
01-01 08:23:14.994  5862  5948 W ANTDEBUG: 1
01-01 08:23:14.994  5862  5948 D ReaderCore: setAnt START
01-01 08:23:15.004  5862  5948 D ReaderCore: setAnt DONE
01-01 08:23:15.025  5862  5948 W ANTDEBUG: 2
01-01 08:23:15.025  5862  5948 D ReaderCore: setAnt START
01-01 08:23:15.036  5862  5948 D ReaderCore: setAnt DONE
01-01 08:23:15.056  5862  5948 W ANTDEBUG: 3
01-01 08:23:15.056  5862  5948 D ReaderCore: setAnt START
01-01 08:23:15.061  4526  4526 D wpa_supplicant: nl80211: Event message available
01-01 08:23:15.061  4526  4526 D wpa_supplicant: nl80211: Drv Event 34 (NL80211_CMD_NEW_SCAN_RESULTS) received for wlan0
01-01 08:23:15.062  4526  4526 D wpa_supplicant: wlan0: nl80211: New scan results available
01-01 08:23:15.062  4526  4526 D wpa_supplicant: nl80211: Scan included frequencies: 2412 2417 2422 2427 2432 2437 2442 2447 2452 2457 2462 2467 2472
01-01 08:23:15.062  4526  4526 D wpa_supplicant: wlan0: Event SCAN_RESULTS (3) received
01-01 08:23:15.062  4526  4526 D wpa_supplicant: wlan0: Scan completed in 0.437291 seconds
01-01 08:23:15.062  4526  4526 D wpa_supplicant: nl80211: Associated on 2437 MHz
01-01 08:23:15.062  4526  4526 D wpa_supplicant: nl80211: Associated with bc:07:1d:81:83:5a
01-01 08:23:15.062  4526  4526 D wpa_supplicant: nl80211: Received scan results (8 BSSes)
01-01 08:23:15.065  4526  4526 D wpa_supplicant: nl80211: Scan results indicate BSS status with bc:07:1d:81:83:5a as associated
01-01 08:23:15.065  4526  4526 D wpa_supplicant: wlan0: BSS: Start scan result update 74
01-01 08:23:15.065  4526  4526 D wpa_supplicant: wlan0: BSS: Add new id 114 BSSID c2:07:1d:81:83:5a SSID 'IseeU' freq 2437
01-01 08:23:15.065  4526  4526 D wpa_supplicant: CTRL-DEBUG: ctrl_sock-sendmsg: sock=8 sndbuf=163840 outq=0 send_len=42
01-01 08:23:15.065  4526  4526 D wpa_supplicant: CTRL_IFACE monitor sent successfully to /data/misc/wifi/sockets/wpa_ctrl_333-2\x00
01-01 08:23:15.066  4526  4526 D wpa_supplicant: CTRL-DEBUG: ctrl_sock-sendmsg: sock=8 sndbuf=163840 outq=448 send_len=42
01-01 08:23:15.066  4526  4526 D wpa_supplicant: CTRL_IFACE monitor sent successfully to /data/misc/wifi/sockets/wpa_ctrl_3777-2\x00
01-01 08:23:15.066  4526  4526 D wpa_supplicant: wlan0: BSS: Add new id 115 BSSID 72:83:e7:d3:be:20 SSID 'ENGLISHANDMATH2018_2.4' freq 2432
01-01 08:23:15.066  4526  4526 D wpa_supplicant: CTRL-DEBUG: ctrl_sock-sendmsg: sock=8 sndbuf=163840 outq=896 send_len=42
01-01 08:23:15.066  4526  4526 D wpa_supplicant: CTRL_IFACE monitor sent successfully to /data/misc/wifi/sockets/wpa_ctrl_333-2\x00
01-01 08:23:15.066  4526  4526 D wpa_supplicant: CTRL-DEBUG: ctrl_sock-sendmsg: sock=8 sndbuf=163840 outq=1344 send_len=42
01-01 08:23:15.066  4526  4526 D wpa_supplicant: CTRL_IFACE monitor sent successfully to /data/misc/wifi/sockets/wpa_ctrl_3777-2\x00
01-01 08:23:15.066  4526  4526 D wpa_supplicant: wlan0: BSS: Add new id 116 BSSID 3a:9d:92:e2:a2:c4 SSID 'DIRECT-sx-EPSON-WF-C878R Series' freq 2412
01-01 08:23:15.066  4526  4526 D wpa_supplicant: CTRL-DEBUG: ctrl_sock-sendmsg: sock=8 sndbuf=163840 outq=1792 send_len=42
01-01 08:23:15.066  4526  4526 D wpa_supplicant: CTRL_IFACE monitor sent successfully to /data/misc/wifi/sockets/wpa_ctrl_333-2\x00
01-01 08:23:15.066  4526  4526 D wpa_supplicant: CTRL-DEBUG: ctrl_sock-sendmsg: sock=8 sndbuf=163840 outq=2240 send_len=42
01-01 08:23:15.066  4526  4526 D wpa_supplicant: CTRL_IFACE monitor sent successfully to /data/misc/wifi/sockets/wpa_ctrl_3777-2\x00
01-01 08:23:15.066  4526  4526 D wpa_supplicant: BSS: last_scan_res_used=8/32
01-01 08:23:15.066  4526  4526 D wpa_supplicant: wlan0: Scan-only results received
01-01 08:23:15.066  4526  4526 D wpa_supplicant: CTRL-DEBUG: ctrl_sock-sendmsg: sock=8 sndbuf=163840 outq=2688 send_len=24
01-01 08:23:15.066  4526  4526 D wpa_supplicant: CTRL_IFACE monitor sent successfully to /data/misc/wifi/sockets/wpa_ctrl_333-2\x00
01-01 08:23:15.066  4526  4526 D wpa_supplicant: CTRL-DEBUG: ctrl_sock-sendmsg: sock=8 sndbuf=163840 outq=3136 send_len=24
01-01 08:23:15.067  4526  4526 D wpa_supplicant: CTRL_IFACE monitor sent successfully to /data/misc/wifi/sockets/wpa_ctrl_3777-2\x00
01-01 08:23:15.067  4526  4526 D wpa_supplicant: wlan0: Radio work 'scan'@0xb3116060 done in 0.444315 seconds
01-01 08:23:15.067  4526  4526 D wpa_supplicant: wlan0: radio_work_free('scan'@0xb3116060: num_active_works --> 0
01-01 08:23:15.067  5862  5948 D ReaderCore: setAnt DONE
01-01 08:23:15.069  4526  4526 D wpa_supplicant: wlan0: Control interface command 'SCAN_RESULTS'
01-01 08:23:15.069  4526  4526 D wpa_supplicant: CTRL-DEBUG: global_ctrl_sock-sendto: sock=8 sndbuf=163840 outq=0 send_len=805
01-01 08:23:15.077  4526  4526 D wpa_supplicant: CTRL-DEBUG: global_ctrl_sock-sendto: sock=8 sndbuf=163840 outq=0 send_len=3478
01-01 08:23:15.078  4526  4526 D wpa_supplicant: wlan0: Control interface command 'SCAN_RESULTS'
01-01 08:23:15.083  4526  4526 D wpa_supplicant: CTRL-DEBUG: global_ctrl_sock-sendto: sock=8 sndbuf=163840 outq=0 send_len=805
01-01 08:23:15.089  3777  4653 E IzatSvc_Wiper: W/Num of elements returned by LOWI 8
01-01 08:23:15.093   740  1060 W XTCC-5.1.0.19-d: [LOWIUtils] to_eScanTypeResponse - default case
01-01 08:23:15.093   740  1060 W XTCC-5.1.0.19-d: [WifiScanner] WiFi scan result : [8] AP's
01-01 08:23:15.096  3777  4653 E IzatSvc_Wiper: W/Num of elements returned by LOWI 8
01-01 08:23:15.097  4526  4526 D wpa_supplicant: CTRL-DEBUG: global_ctrl_sock-sendto: sock=8 sndbuf=163840 outq=0 send_len=3478
01-01 08:23:15.104  4526  4526 D wpa_supplicant: CTRL-DEBUG: global_ctrl_sock-sendto: sock=8 sndbuf=163840 outq=0 send_len=3532
01-01 08:23:15.111  4526  4526 D wpa_supplicant: CTRL-DEBUG: global_ctrl_sock-sendto: sock=8 sndbuf=163840 outq=0 send_len=3532
01-01 08:23:15.113  4526  4526 D wpa_supplicant: CTRL-DEBUG: global_ctrl_sock-sendto: sock=8 sndbuf=163840 outq=0 send_len=2025
01-01 08:23:15.116  4526  4526 D wpa_supplicant: CTRL-DEBUG: global_ctrl_sock-sendto: sock=8 sndbuf=163840 outq=0 send_len=0
01-01 08:23:15.118  4526  4526 D wpa_supplicant: CTRL-DEBUG: global_ctrl_sock-sendto: sock=8 sndbuf=163840 outq=0 send_len=2025
01-01 08:23:15.120  4526  4526 D wpa_supplicant: CTRL-DEBUG: global_ctrl_sock-sendto: sock=8 sndbuf=163840 outq=0 send_len=0
01-01 08:23:15.124  5862  5948 W ANTDEBUG: 0
01-01 08:23:15.124  5862  5948 D ReaderCore: setAnt START
01-01 08:23:15.124  3777  4332 D WifiQualifiedNetworkSelector:: ==========start qualified Network Selection==========
01-01 08:23:15.125  3777  4332 D WifiQualifiedNetworkSelector:: Current network is: "MiniClean" ,ID is: 0
01-01 08:23:15.125  3777  4332 D WifiQualifiedNetworkSelector:: Current band does not match user preference. Start Qualified Network Selection Current band = 2.4GHz bandUserPreference band = 0
01-01 08:23:15.126  3777  4332 D WifiQualifiedNetworkSelector:: Current network is not qualified
01-01 08:23:15.126  3777  4332 D WifiQualifiedNetworkSelector:: Saved Network List
01-01 08:23:15.126  3777  4332 D WifiQualifiedNetworkSelector::     "MiniClean":0  User Preferred BSSID:null FQDN:null NETWORK_SELECTION_ENABLED Disable account: 0 0 0 0 0 0 0 0 0 0 Connect Choice:null set time:-1
01-01 08:23:15.127  3777  4332 D WifiQualifiedNetworkSelector:: isCarrierNetworkEnabledByUser: false
01-01 08:23:15.129  3777  4332 D WifiQualifiedNetworkSelector::  skipped due to low signal
