S C:\Programs\MARATHON SYSTEM\FF-774 778\RFIDTool\UARTool> adb logcat
--------- beginning of main
01-01 08:22:41.894  5862  5948 W ANTDEBUG: 3
01-01 08:22:41.894  5862  5948 D ReaderCore: setAnt START
01-01 08:22:41.904  5862  5948 D ReaderCore: setAnt DONE
01-01 08:22:41.957  5862  5948 W ANTDEBUG: 0
01-01 08:22:41.957  5862  5948 D ReaderCore: setAnt START
01-01 08:22:41.968  5862  5948 D ReaderCore: setAnt DONE
01-01 08:22:41.989  5862  5948 W ANTDEBUG: 1
01-01 08:22:41.989  5862  5948 D ReaderCore: setAnt START
01-01 08:22:42.000  5862  5948 D ReaderCore: setAnt DONE
01-01 08:22:42.022  5862  5948 W ANTDEBUG: 2
01-01 08:22:42.022  5862  5948 D ReaderCore: setAnt START
01-01 08:22:42.032  5862  5948 D ReaderCore: setAnt DONE
01-01 08:22:42.045  5862  5948 W ANTDEBUG: 3
01-01 08:22:42.045  5862  5948 D ReaderCore: setAnt START
01-01 08:22:42.046  5862  5873 I art     : Background sticky concurrent mark sweep GC freed 303194(11MB) AllocSpace objects, 2(124KB) LOS objects, 62% free, 6MB/18MB, paused 2.042ms total 114.910ms
01-01 08:22:42.057  5862  5948 D ReaderCore: setAnt DONE
01-01 08:22:42.109  5862  5948 W ANTDEBUG: 0
01-01 08:22:42.110  5862  5948 D ReaderCore: setAnt START
01-01 08:22:42.120  5862  5948 D ReaderCore: setAnt DONE
01-01 08:22:42.141  5862  5948 W ANTDEBUG: 1
01-01 08:22:42.141  5862  5948 D ReaderCore: setAnt START
01-01 08:22:42.151  5862  5948 D ReaderCore: setAnt DONE
01-01 08:22:42.172  5862  5948 W ANTDEBUG: 2
01-01 08:22:42.172  5862  5948 D ReaderCore: setAnt START
01-01 08:22:42.182  5862  5948 D ReaderCore: setAnt DONE
01-01 08:22:42.203  5862  5948 W ANTDEBUG: 3
01-01 08:22:42.203  5862  5948 D ReaderCore: setAnt START
01-01 08:22:42.214  5862  5948 D ReaderCore: setAnt DONE
01-01 08:22:42.267  5862  5948 W ANTDEBUG: 0
01-01 08:22:42.267  5862  5948 D ReaderCore: setAnt START
01-01 08:22:42.277  5862  5948 D ReaderCore: setAnt DONE
01-01 08:22:42.298  5862  5948 W ANTDEBUG: 1
01-01 08:22:42.298  5862  5948 D ReaderCore: setAnt START
01-01 08:22:42.308  5862  5948 D ReaderCore: setAnt DONE
01-01 08:22:42.329  5862  5948 W ANTDEBUG: 2
01-01 08:22:42.329  5862  5948 D ReaderCore: setAnt START
01-01 08:22:42.339  5862  5948 D ReaderCore: setAnt DONE
01-01 08:22:42.360  5862  5948 W ANTDEBUG: 3
01-01 08:22:42.360  5862  5948 D ReaderCore: setAnt START
01-01 08:22:42.370  5862  5948 D ReaderCore: setAnt DONE
01-01 08:22:42.427  5862  5948 W ANTDEBUG: 0
01-01 08:22:42.427  5862  5948 D ReaderCore: setAnt START
01-01 08:22:42.437  5862  5948 D ReaderCore: setAnt DONE
01-01 08:22:42.459  5862  5948 W ANTDEBUG: 1
01-01 08:22:42.459  5862  5948 D ReaderCore: setAnt START
01-01 08:22:42.473  5862  5948 D ReaderCore: setAnt DONE
01-01 08:22:42.497  5862  5948 W ANTDEBUG: 2
01-01 08:22:42.497  5862  5948 D ReaderCore: setAnt START
01-01 08:22:42.518  5862  5948 D ReaderCore: setAnt DONE
01-01 08:22:42.539  5862  5948 W ANTDEBUG: 3
01-01 08:22:42.539  5862  5948 D ReaderCore: setAnt START
01-01 08:22:42.549  5862  5948 D ReaderCore: setAnt DONE
01-01 08:22:42.602  5862  5948 W ANTDEBUG: 0
01-01 08:22:42.602  5862  5948 D ReaderCore: setAnt START
01-01 08:22:42.612  5862  5948 D ReaderCore: setAnt DONE
01-01 08:22:42.633  5862  5948 W ANTDEBUG: 1
01-01 08:22:42.633  5862  5948 D ReaderCore: setAnt START
01-01 08:22:42.643  5862  5948 D ReaderCore: setAnt DONE
01-01 08:22:42.664  5862  5948 W ANTDEBUG: 2
01-01 08:22:42.664  5862  5948 D ReaderCore: setAnt START
01-01 08:22:42.675  5862  5948 D ReaderCore: setAnt DONE
01-01 08:22:42.695  5862  5948 W ANTDEBUG: 3
01-01 08:22:42.695  5862  5948 D ReaderCore: setAnt START
01-01 08:22:42.706  5862  5948 D ReaderCore: setAnt DONE
01-01 08:22:42.758  5862  5948 W ANTDEBUG: 0
01-01 08:22:42.758  5862  5948 D ReaderCore: setAnt START
01-01 08:22:42.769  5862  5948 D ReaderCore: setAnt DONE
01-01 08:22:42.789  5862  5948 W ANTDEBUG: 1
01-01 08:22:42.790  5862  5948 D ReaderCore: setAnt START
01-01 08:22:42.800  5862  5948 D ReaderCore: setAnt DONE
01-01 08:22:42.821  5862  5948 W ANTDEBUG: 2
01-01 08:22:42.821  5862  5948 D ReaderCore: setAnt START
01-01 08:22:42.831  5862  5948 D ReaderCore: setAnt DONE
01-01 08:22:42.852  5862  5948 W ANTDEBUG: 3
01-01 08:22:42.852  5862  5948 D ReaderCore: setAnt START
01-01 08:22:42.863  5862  5948 D ReaderCore: setAnt DONE
01-01 08:22:42.915  5862  5948 W ANTDEBUG: 0
01-01 08:22:42.916  5862  5948 D ReaderCore: setAnt START
01-01 08:22:42.926  5862  5948 D ReaderCore: setAnt DONE
01-01 08:22:42.947  5862  5948 W ANTDEBUG: 1
01-01 08:22:42.947  5862  5948 D ReaderCore: setAnt START
01-01 08:22:42.957  5862  5948 D ReaderCore: setAnt DONE
01-01 08:22:42.978  5862  5948 W ANTDEBUG: 2
01-01 08:22:42.978  5862  5948 D ReaderCore: setAnt START
01-01 08:22:42.989  5862  5948 D ReaderCore: setAnt DONE
01-01 08:22:43.012  5862  5948 W ANTDEBUG: 3
01-01 08:22:43.012  5862  5948 D ReaderCore: setAnt START
01-01 08:22:43.022  5862  5948 D ReaderCore: setAnt DONE
01-01 08:22:43.075  5862  5948 W ANTDEBUG: 0
01-01 08:22:43.075  5862  5948 D ReaderCore: setAnt START
01-01 08:22:43.085  5862  5948 D ReaderCore: setAnt DONE
01-01 08:22:43.106  5862  5948 W ANTDEBUG: 1
01-01 08:22:43.106  5862  5948 D ReaderCore: setAnt START
01-01 08:22:43.116  5862  5948 D ReaderCore: setAnt DONE
01-01 08:22:43.137  5862  5948 W ANTDEBUG: 2
01-01 08:22:43.137  5862  5948 D ReaderCore: setAnt START
01-01 08:22:43.148  5862  5948 D ReaderCore: setAnt DONE
01-01 08:22:43.168  5862  5948 W ANTDEBUG: 3
01-01 08:22:43.168  5862  5948 D ReaderCore: setAnt START
01-01 08:22:43.179  5862  5948 D ReaderCore: setAnt DONE
01-01 08:22:43.232  5862  5948 W ANTDEBUG: 0
01-01 08:22:43.232  5862  5948 D ReaderCore: setAnt START
01-01 08:22:43.242  5862  5948 D ReaderCore: setAnt DONE
01-01 08:22:43.263  4526  4526 D wpa_supplicant: wlan0: Control interface command 'SIGNAL_POLL'
01-01 08:22:43.263  5862  5948 W ANTDEBUG: 1
01-01 08:22:43.264  5862  5948 D ReaderCore: setAnt START
01-01 08:22:43.274  5862  5948 D ReaderCore: setAnt DONE
01-01 08:22:43.275  4526  4526 D wpa_supplicant: CTRL-DEBUG: global_ctrl_sock-sendto: sock=8 sndbuf=163840 outq=0 send_len=48
01-01 08:22:43.295  5862  5948 W ANTDEBUG: 2
01-01 08:22:43.295  5862  5948 D ReaderCore: setAnt START
01-01 08:22:43.305  5862  5948 D ReaderCore: setAnt DONE
01-01 08:22:43.326  5862  5948 W ANTDEBUG: 3
01-01 08:22:43.326  5862  5948 D ReaderCore: setAnt START
01-01 08:22:43.336  5862  5948 D ReaderCore: setAnt DONE
01-01 08:22:43.389  5862  5948 W ANTDEBUG: 0
01-01 08:22:43.389  5862  5948 D ReaderCore: setAnt START
01-01 08:22:43.400  5862  5948 D ReaderCore: setAnt DONE
01-01 08:22:43.421  5862  5948 W ANTDEBUG: 1
01-01 08:22:43.421  5862  5948 D ReaderCore: setAnt START
01-01 08:22:43.431  5862  5948 D ReaderCore: setAnt DONE
01-01 08:22:43.452  5862  5948 W ANTDEBUG: 2
01-01 08:22:43.452  5862  5948 D ReaderCore: setAnt START
01-01 08:22:43.462  5862  5948 D ReaderCore: setAnt DONE
01-01 08:22:43.483  5862  5948 W ANTDEBUG: 3
01-01 08:22:43.483  5862  5948 D ReaderCore: setAnt START
01-01 08:22:43.494  5862  5948 D ReaderCore: setAnt DONE
01-01 08:22:43.549  5862  5948 W ANTDEBUG: 0
01-01 08:22:43.549  5862  5948 D ReaderCore: setAnt START
01-01 08:22:43.559  5862  5948 D ReaderCore: setAnt DONE
01-01 08:22:43.580  5862  5948 W ANTDEBUG: 1
01-01 08:22:43.580  5862  5948 D ReaderCore: setAnt START
01-01 08:22:43.590  5862  5948 D ReaderCore: setAnt DONE
01-01 08:22:43.611  5862  5948 W ANTDEBUG: 2
01-01 08:22:43.611  5862  5948 D ReaderCore: setAnt START
01-01 08:22:43.622  5862  5948 D ReaderCore: setAnt DONE
01-01 08:22:43.642  5862  5948 W ANTDEBUG: 3
01-01 08:22:43.642  5862  5948 D ReaderCore: setAnt START
01-01 08:22:43.653  5862  5948 D ReaderCore: setAnt DONE
01-01 08:22:43.706  5862  5948 W ANTDEBUG: 0
01-01 08:22:43.706  5862  5948 D ReaderCore: setAnt START
01-01 08:22:43.716  5862  5948 D ReaderCore: setAnt DONE
01-01 08:22:43.738  5862  5948 W ANTDEBUG: 1
01-01 08:22:43.739  5862  5948 D ReaderCore: setAnt START
01-01 08:22:43.749  5862  5948 D ReaderCore: setAnt DONE
01-01 08:22:43.770  5862  5948 W ANTDEBUG: 2
01-01 08:22:43.770  5862  5948 D ReaderCore: setAnt START
01-01 08:22:43.780  5862  5948 D ReaderCore: setAnt DONE
01-01 08:22:43.801  5862  5948 W ANTDEBUG: 3
01-01 08:22:43.801  5862  5948 D ReaderCore: setAnt START
01-01 08:22:43.812  5862  5948 D ReaderCore: setAnt DONE
01-01 08:22:43.842  5862  5873 I art     : Background sticky concurrent mark sweep GC freed 309401(12MB) AllocSpace objects, 0(0B) LOS objects, 62% free, 6MB/18MB, paused 1.952ms total 118.534ms
01-01 08:22:43.864  5862  5948 W ANTDEBUG: 0
01-01 08:22:43.864  5862  5948 D ReaderCore: setAnt START
01-01 08:22:43.875  5862  5948 D ReaderCore: setAnt DONE
01-01 08:22:43.895  5862  5948 W ANTDEBUG: 1
01-01 08:22:43.896  5862  5948 D ReaderCore: setAnt START
01-01 08:22:43.906  5862  5948 D ReaderCore: setAnt DONE
01-01 08:22:43.927  5862  5948 W ANTDEBUG: 2
01-01 08:22:43.927  5862  5948 D ReaderCore: setAnt START
01-01 08:22:43.937  5862  5948 D ReaderCore: setAnt DONE
01-01 08:22:43.958  5862  5948 W ANTDEBUG: 3
01-01 08:22:43.958  5862  5948 D ReaderCore: setAnt START
01-01 08:22:43.968  5862  5948 D ReaderCore: setAnt DONE
01-01 08:22:44.022  5862  5948 W ANTDEBUG: 0
01-01 08:22:44.022  5862  5948 D ReaderCore: setAnt START
01-01 08:22:44.033  5862  5948 D ReaderCore: setAnt DONE
01-01 08:22:44.054  5862  5948 W ANTDEBUG: 1
01-01 08:22:44.054  5862  5948 D ReaderCore: setAnt START
01-01 08:22:44.064  5862  5948 D ReaderCore: setAnt DONE
01-01 08:22:44.085  5862  5948 W ANTDEBUG: 2
01-01 08:22:44.085  5862  5948 D ReaderCore: setAnt START
01-01 08:22:44.095  5862  5948 D ReaderCore: setAnt DONE
01-01 08:22:44.116  5862  5948 W ANTDEBUG: 3
01-01 08:22:44.116  5862  5948 D ReaderCore: setAnt START
01-01 08:22:44.127  5862  5948 D ReaderCore: setAnt DONE
01-01 08:22:44.179  5862  5948 W ANTDEBUG: 0
01-01 08:22:44.180  5862  5948 D ReaderCore: setAnt START
01-01 08:22:44.190  5862  5948 D ReaderCore: setAnt DONE
01-01 08:22:44.211  5862  5948 W ANTDEBUG: 1
01-01 08:22:44.211  5862  5948 D ReaderCore: setAnt START
01-01 08:22:44.221  5862  5948 D ReaderCore: setAnt DONE
01-01 08:22:44.242  5862  5948 W ANTDEBUG: 2
01-01 08:22:44.242  5862  5948 D ReaderCore: setAnt START
01-01 08:22:44.254  5862  5948 D ReaderCore: setAnt DONE
01-01 08:22:44.275  5862  5948 W ANTDEBUG: 3
01-01 08:22:44.275  5862  5948 D ReaderCore: setAnt START
01-01 08:22:44.286  5862  5948 D ReaderCore: setAnt DONE
01-01 08:22:44.338  5862  5948 W ANTDEBUG: 0
01-01 08:22:44.338  5862  5948 D ReaderCore: setAnt START
01-01 08:22:44.349  5862  5948 D ReaderCore: setAnt DONE
01-01 08:22:44.369  5862  5948 W ANTDEBUG: 1
01-01 08:22:44.369  5862  5948 D ReaderCore: setAnt START
01-01 08:22:44.380  5862  5948 D ReaderCore: setAnt DONE
01-01 08:22:44.401  5862  5948 W ANTDEBUG: 2
01-01 08:22:44.401  5862  5948 D ReaderCore: setAnt START
01-01 08:22:44.411  5862  5948 D ReaderCore: setAnt DONE
01-01 08:22:44.432  5862  5948 W ANTDEBUG: 3
01-01 08:22:44.432  5862  5948 D ReaderCore: setAnt START
01-01 08:22:44.443  5862  5948 D ReaderCore: setAnt DONE
01-01 08:22:44.495  5862  5948 W ANTDEBUG: 0
01-01 08:22:44.495  5862  5948 D ReaderCore: setAnt START
01-01 08:22:44.506  5862  5948 D ReaderCore: setAnt DONE
01-01 08:22:44.527  5862  5948 W ANTDEBUG: 1
01-01 08:22:44.527  5862  5948 D ReaderCore: setAnt START
01-01 08:22:44.538  5862  5948 D ReaderCore: setAnt DONE
01-01 08:22:44.550  5862  5948 W ANTDEBUG: 2
01-01 08:22:44.550  5862  5948 D ReaderCore: setAnt START
01-01 08:22:44.560  5862  5948 D ReaderCore: setAnt DONE
01-01 08:22:44.575  5862  5948 W ANTDEBUG: 3
01-01 08:22:44.576  5862  5948 D ReaderCore: setAnt START
01-01 08:22:44.586  5862  5948 D ReaderCore: setAnt DONE
01-01 08:22:44.641  5862  5948 W ANTDEBUG: 0
01-01 08:22:44.641  5862  5948 D ReaderCore: setAnt START
01-01 08:22:44.651  5862  5948 D ReaderCore: setAnt DONE
01-01 08:22:44.672  5862  5948 W ANTDEBUG: 1
01-01 08:22:44.672  5862  5948 D ReaderCore: setAnt START
01-01 08:22:44.682  5862  5948 D ReaderCore: setAnt DONE
01-01 08:22:44.703  5862  5948 W ANTDEBUG: 2
01-01 08:22:44.703  5862  5948 D ReaderCore: setAnt START
01-01 08:22:44.713  5862  5948 D ReaderCore: setAnt DONE
01-01 08:22:44.734  5862  5948 W ANTDEBUG: 3
01-01 08:22:44.734  5862  5948 D ReaderCore: setAnt START
01-01 08:22:44.744  5862  5948 D ReaderCore: setAnt DONE
01-01 08:22:44.797  5862  5948 W ANTDEBUG: 0
01-01 08:22:44.797  5862  5948 D ReaderCore: setAnt START
01-01 08:22:44.807  5862  5948 D ReaderCore: setAnt DONE
01-01 08:22:44.828  5862  5948 W ANTDEBUG: 1
01-01 08:22:44.828  5862  5948 D ReaderCore: setAnt START
01-01 08:22:44.838  5862  5948 D ReaderCore: setAnt DONE
01-01 08:22:44.860  5862  5948 W ANTDEBUG: 2
01-01 08:22:44.860  5862  5948 D ReaderCore: setAnt START
01-01 08:22:44.870  5862  5948 D ReaderCore: setAnt DONE
01-01 08:22:44.891  5862  5948 W ANTDEBUG: 3
01-01 08:22:44.891  5862  5948 D ReaderCore: setAnt START
01-01 08:22:44.901  5862  5948 D ReaderCore: setAnt DONE
01-01 08:22:44.954  5862  5948 W ANTDEBUG: 0
01-01 08:22:44.954  5862  5948 D ReaderCore: setAnt START
01-01 08:22:44.965  5862  5948 D ReaderCore: setAnt DONE
01-01 08:22:44.985  5862  5948 W ANTDEBUG: 1
01-01 08:22:44.985  5862  5948 D ReaderCore: setAnt START
01-01 08:22:44.996  5862  5948 D ReaderCore: setAnt DONE
01-01 08:22:45.016  5862  5948 W ANTDEBUG: 2
01-01 08:22:45.017  5862  5948 D ReaderCore: setAnt START
01-01 08:22:45.027  5862  5948 D ReaderCore: setAnt DONE
01-01 08:22:45.048  5862  5948 W ANTDEBUG: 3
01-01 08:22:45.048  5862  5948 D ReaderCore: setAnt START
01-01 08:22:45.059  5862  5948 D ReaderCore: setAnt DONE
01-01 08:22:45.112  5862  5948 W ANTDEBUG: 0
01-01 08:22:45.112  5862  5948 D ReaderCore: setAnt START
01-01 08:22:45.122  5862  5948 D ReaderCore: setAnt DONE
01-01 08:22:45.143  5862  5948 W ANTDEBUG: 1
01-01 08:22:45.143  5862  5948 D ReaderCore: setAnt START
01-01 08:22:45.153  5862  5948 D ReaderCore: setAnt DONE
01-01 08:22:45.174  5862  5948 W ANTDEBUG: 2
01-01 08:22:45.174  5862  5948 D ReaderCore: setAnt START
01-01 08:22:45.184  5862  5948 D ReaderCore: setAnt DONE
01-01 08:22:45.205  5862  5948 W ANTDEBUG: 3
01-01 08:22:45.205  5862  5948 D ReaderCore: setAnt START
01-01 08:22:45.215  5862  5948 D ReaderCore: setAnt DONE
01-01 08:22:45.268  5862  5948 W ANTDEBUG: 0
01-01 08:22:45.268  5862  5948 D ReaderCore: setAnt START
01-01 08:22:45.278  5862  5948 D ReaderCore: setAnt DONE
01-01 08:22:45.299  5862  5948 W ANTDEBUG: 1
01-01 08:22:45.299  5862  5948 D ReaderCore: setAnt START
01-01 08:22:45.310  5862  5948 D ReaderCore: setAnt DONE
01-01 08:22:45.330  5862  5948 W ANTDEBUG: 2
01-01 08:22:45.331  5862  5948 D ReaderCore: setAnt START
01-01 08:22:45.341  5862  5948 D ReaderCore: setAnt DONE
01-01 08:22:45.362  5862  5948 W ANTDEBUG: 3
01-01 08:22:45.362  5862  5948 D ReaderCore: setAnt START
01-01 08:22:45.372  5862  5948 D ReaderCore: setAnt DONE
01-01 08:22:45.425  5862  5948 W ANTDEBUG: 0
01-01 08:22:45.425  5862  5948 D ReaderCore: setAnt START
01-01 08:22:45.436  5862  5948 D ReaderCore: setAnt DONE
01-01 08:22:45.456  5862  5948 W ANTDEBUG: 1
01-01 08:22:45.457  5862  5948 D ReaderCore: setAnt START
01-01 08:22:45.467  5862  5948 D ReaderCore: setAnt DONE
01-01 08:22:45.488  5862  5948 W ANTDEBUG: 2
01-01 08:22:45.488  5862  5948 D ReaderCore: setAnt START
01-01 08:22:45.499  5862  5948 D ReaderCore: setAnt DONE
01-01 08:22:45.519  5862  5948 W ANTDEBUG: 3
01-01 08:22:45.520  5862  5948 D ReaderCore: setAnt START
01-01 08:22:45.530  5862  5948 D ReaderCore: setAnt DONE
01-01 08:22:45.576  5862  5948 W ANTDEBUG: 0
01-01 08:22:45.576  5862  5948 D ReaderCore: setAnt START
01-01 08:22:45.587  5862  5948 D ReaderCore: setAnt DONE
01-01 08:22:45.607  5862  5948 W ANTDEBUG: 1
01-01 08:22:45.608  5862  5948 D ReaderCore: setAnt START
01-01 08:22:45.620  5862  5948 D ReaderCore: setAnt DONE
01-01 08:22:45.630  5862  5873 I art     : Background sticky concurrent mark sweep GC freed 307764(11MB) AllocSpace objects, 0(0B) LOS objects, 62% free, 6MB/18MB, paused 2.445ms total 117.968ms
01-01 08:22:45.641  5862  5948 W ANTDEBUG: 2
01-01 08:22:45.641  5862  5948 D ReaderCore: setAnt START
01-01 08:22:45.652  5862  5948 D ReaderCore: setAnt DONE
01-01 08:22:45.673  5862  5948 W ANTDEBUG: 3
01-01 08:22:45.673  5862  5948 D ReaderCore: setAnt START
01-01 08:22:45.683  5862  5948 D ReaderCore: setAnt DONE
01-01 08:22:45.736  5862  5948 W ANTDEBUG: 0
01-01 08:22:45.736  5862  5948 D ReaderCore: setAnt START
01-01 08:22:45.746  5862  5948 D ReaderCore: setAnt DONE
01-01 08:22:45.767  5862  5948 W ANTDEBUG: 1
01-01 08:22:45.767  5862  5948 D ReaderCore: setAnt START
01-01 08:22:45.777  5862  5948 D ReaderCore: setAnt DONE
01-01 08:22:45.799  5862  5948 W ANTDEBUG: 2
01-01 08:22:45.799  5862  5948 D ReaderCore: setAnt START
01-01 08:22:45.808  5862  6149 D AlarmPingSender: Unregister alarmreceiver to MqttServicefd71b6a
01-01 08:22:45.810  5862  5948 D ReaderCore: setAnt DONE
01-01 08:22:45.831  5862  5948 W ANTDEBUG: 3
01-01 08:22:45.831  5862  5948 D ReaderCore: setAnt START
01-01 08:22:45.843  5862  5948 D ReaderCore: setAnt DONE
01-01 08:22:45.895  5862  5948 W ANTDEBUG: 0
01-01 08:22:45.895  5862  5948 D ReaderCore: setAnt START
01-01 08:22:45.906  5862  5948 D ReaderCore: setAnt DONE
01-01 08:22:45.926  5862  5948 W ANTDEBUG: 1
01-01 08:22:45.926  5862  5948 D ReaderCore: setAnt START
01-01 08:22:45.937  5862  5948 D ReaderCore: setAnt DONE
01-01 08:22:45.957  5862  5948 W ANTDEBUG: 2
01-01 08:22:45.957  5862  5948 D ReaderCore: setAnt START
01-01 08:22:45.968  5862  5948 D ReaderCore: setAnt DONE
01-01 08:22:45.988  5862  5948 W ANTDEBUG: 3
01-01 08:22:45.989  5862  5948 D ReaderCore: setAnt START
01-01 08:22:45.999  5862  5948 D ReaderCore: setAnt DONE
01-01 08:22:46.058  5862  5948 W ANTDEBUG: 0
01-01 08:22:46.058  5862  5948 D ReaderCore: setAnt START
01-01 08:22:46.068  5862  5948 D ReaderCore: setAnt DONE
01-01 08:22:46.090  5862  5948 W ANTDEBUG: 1
01-01 08:22:46.090  5862  5948 D ReaderCore: setAnt START
01-01 08:22:46.100  5862  5948 D ReaderCore: setAnt DONE
01-01 08:22:46.121  5862  5948 W ANTDEBUG: 2
01-01 08:22:46.121  5862  5948 D ReaderCore: setAnt START
01-01 08:22:46.132  5862  5948 D ReaderCore: setAnt DONE
01-01 08:22:46.152  5862  5948 W ANTDEBUG: 3
01-01 08:22:46.153  5862  5948 D ReaderCore: setAnt START
01-01 08:22:46.163  5862  5948 D ReaderCore: setAnt DONE
01-01 08:22:46.219  5862  5948 W ANTDEBUG: 0
01-01 08:22:46.220  5862  5948 D ReaderCore: setAnt START
01-01 08:22:46.230  5862  5948 D ReaderCore: setAnt DONE
01-01 08:22:46.251  5862  5948 W ANTDEBUG: 1
01-01 08:22:46.251  5862  5948 D ReaderCore: setAnt START
01-01 08:22:46.262  5862  5948 D ReaderCore: setAnt DONE
01-01 08:22:46.281  4526  4526 D wpa_supplicant: wlan0: Control interface command 'SIGNAL_POLL'
01-01 08:22:46.282  5862  5948 W ANTDEBUG: 2
01-01 08:22:46.283  5862  5948 D ReaderCore: setAnt START
01-01 08:22:46.293  4526  4526 D wpa_supplicant: CTRL-DEBUG: global_ctrl_sock-sendto: sock=8 sndbuf=163840 outq=0 send_len=48
01-01 08:22:46.293  5862  5948 D ReaderCore: setAnt DONE
01-01 08:22:46.314  5862  5948 W ANTDEBUG: 3
01-01 08:22:46.314  5862  5948 D ReaderCore: setAnt START
01-01 08:22:46.325  5862  5948 D ReaderCore: setAnt DONE
01-01 08:22:46.388  5862  5948 W ANTDEBUG: 0
01-01 08:22:46.388  5862  5948 D ReaderCore: setAnt START
01-01 08:22:46.398  5862  5948 D ReaderCore: setAnt DONE
01-01 08:22:46.420  5862  5948 W ANTDEBUG: 1
01-01 08:22:46.420  5862  5948 D ReaderCore: setAnt START
01-01 08:22:46.430  5862  5948 D ReaderCore: setAnt DONE
01-01 08:22:46.452  5862  5948 W ANTDEBUG: 2
01-01 08:22:46.452  5862  5948 D ReaderCore: setAnt START
01-01 08:22:46.462  5862  5948 D ReaderCore: setAnt DONE
01-01 08:22:46.483  5862  5948 W ANTDEBUG: 3
01-01 08:22:46.483  5862  5948 D ReaderCore: setAnt START
01-01 08:22:46.493  5862  5948 D ReaderCore: setAnt DONE
01-01 08:22:46.546  5862  5948 W ANTDEBUG: 0
01-01 08:22:46.546  5862  5948 D ReaderCore: setAnt START
01-01 08:22:46.557  5862  5948 D ReaderCore: setAnt DONE
01-01 08:22:46.581  5862  5948 W ANTDEBUG: 1
01-01 08:22:46.581  5862  5948 D ReaderCore: setAnt START
01-01 08:22:46.591  5862  5948 D ReaderCore: setAnt DONE
01-01 08:22:46.612  5862  5948 W ANTDEBUG: 2
01-01 08:22:46.612  5862  5948 D ReaderCore: setAnt START
01-01 08:22:46.624  5862  5948 D ReaderCore: setAnt DONE
01-01 08:22:46.648  5862  5948 W ANTDEBUG: 3
01-01 08:22:46.648  5862  5948 D ReaderCore: setAnt START
01-01 08:22:46.659  5862  5948 D ReaderCore: setAnt DONE
01-01 08:22:46.713  5862  5948 W ANTDEBUG: 0
01-01 08:22:46.713  5862  5948 D ReaderCore: setAnt START
01-01 08:22:46.723  5862  5948 D ReaderCore: setAnt DONE
01-01 08:22:46.744  5862  5948 W ANTDEBUG: 1
01-01 08:22:46.744  5862  5948 D ReaderCore: setAnt START
01-01 08:22:46.755  5862  5948 D ReaderCore: setAnt DONE
01-01 08:22:46.775  5862  5948 W ANTDEBUG: 2
01-01 08:22:46.775  5862  5948 D ReaderCore: setAnt START
01-01 08:22:46.786  5862  5948 D ReaderCore: setAnt DONE
01-01 08:22:46.806  5862  5948 W ANTDEBUG: 3
01-01 08:22:46.806  5862  5948 D ReaderCore: setAnt START
01-01 08:22:46.817  5862  5948 D ReaderCore: setAnt DONE
01-01 08:22:46.869  5862  5948 W ANTDEBUG: 0
01-01 08:22:46.869  5862  5948 D ReaderCore: setAnt START
01-01 08:22:46.880  5862  5948 D ReaderCore: setAnt DONE
01-01 08:22:46.891  3777  4653 E IzatSvc_PassiveLocListener: E/Exiting with error virtual void izat_manager::IzatPassiveLocationListener::onLocationChanged(const izat_manager::IzatLocation *, const IzatLocationStatus) line 171 "1"
01-01 08:22:46.901  5862  5948 W ANTDEBUG: 1
01-01 08:22:46.901  5862  5948 D ReaderCore: setAnt START
01-01 08:22:46.911  5862  5948 D ReaderCore: setAnt DONE
01-01 08:22:46.932  5862  5948 W ANTDEBUG: 2
01-01 08:22:46.932  5862  5948 D ReaderCore: setAnt START
01-01 08:22:46.943  5862  5948 D ReaderCore: setAnt DONE
01-01 08:22:46.963  5862  5948 W ANTDEBUG: 3
01-01 08:22:46.964  5862  5948 D ReaderCore: setAnt START
01-01 08:22:46.974  5862  5948 D ReaderCore: setAnt DONE
01-01 08:22:47.028  5862  5948 W ANTDEBUG: 0
01-01 08:22:47.029  5862  5948 D ReaderCore: setAnt START
01-01 08:22:47.039  5862  5948 D ReaderCore: setAnt DONE
01-01 08:22:47.062  5862  5948 W ANTDEBUG: 1
01-01 08:22:47.062  5862  5948 D ReaderCore: setAnt START
01-01 08:22:47.073  5862  5948 D ReaderCore: setAnt DONE
01-01 08:22:47.093  5862  5948 W ANTDEBUG: 2
01-01 08:22:47.093  5862  5948 D ReaderCore: setAnt START
01-01 08:22:47.104  5862  5948 D ReaderCore: setAnt DONE
01-01 08:22:47.124  5862  5948 W ANTDEBUG: 3
01-01 08:22:47.125  5862  5948 D ReaderCore: setAnt START
01-01 08:22:47.135  5862  5948 D ReaderCore: setAnt DONE
01-01 08:22:47.189  5862  5948 W ANTDEBUG: 0
01-01 08:22:47.189  5862  5948 D ReaderCore: setAnt START
01-01 08:22:47.199  5862  5948 D ReaderCore: setAnt DONE
01-01 08:22:47.220  5862  5948 W ANTDEBUG: 1
01-01 08:22:47.220  5862  5948 D ReaderCore: setAnt START
01-01 08:22:47.230  5862  5948 D ReaderCore: setAnt DONE
01-01 08:22:47.251  5862  5948 W ANTDEBUG: 2
01-01 08:22:47.251  5862  5948 D ReaderCore: setAnt START
01-01 08:22:47.262  5862  5948 D ReaderCore: setAnt DONE
01-01 08:22:47.282  5862  5948 W ANTDEBUG: 3
01-01 08:22:47.282  5862  5948 D ReaderCore: setAnt START
01-01 08:22:47.293  5862  5948 D ReaderCore: setAnt DONE
01-01 08:22:47.351  5862  5948 W ANTDEBUG: 0
01-01 08:22:47.352  5862  5948 D ReaderCore: setAnt START
01-01 08:22:47.362  5862  5948 D ReaderCore: setAnt DONE
01-01 08:22:47.383  5862  5948 W ANTDEBUG: 1
01-01 08:22:47.383  5862  5948 D ReaderCore: setAnt START
01-01 08:22:47.394  5862  5948 D ReaderCore: setAnt DONE
01-01 08:22:47.411  5862  5873 I art     : Background sticky concurrent mark sweep GC freed 297487(11MB) AllocSpace objects, 2(124KB) LOS objects, 62% free, 7MB/18MB, paused 1.929ms total 108.203ms
01-01 08:22:47.414  5862  5948 W ANTDEBUG: 2
01-01 08:22:47.414  5862  5948 D ReaderCore: setAnt START
01-01 08:22:47.425  5862  5948 D ReaderCore: setAnt DONE
01-01 08:22:47.446  5862  5948 W ANTDEBUG: 3
01-01 08:22:47.446  5862  5948 D ReaderCore: setAnt START
01-01 08:22:47.456  5862  5948 D ReaderCore: setAnt DONE
01-01 08:22:47.508  5862  5948 W ANTDEBUG: 0
01-01 08:22:47.509  5862  5948 D ReaderCore: setAnt START
01-01 08:22:47.519  5862  5948 D ReaderCore: setAnt DONE
01-01 08:22:47.540  5862  5948 W ANTDEBUG: 1
01-01 08:22:47.540  5862  5948 D ReaderCore: setAnt START
01-01 08:22:47.550  5862  5948 D ReaderCore: setAnt DONE
01-01 08:22:47.571  5862  5948 W ANTDEBUG: 2
01-01 08:22:47.571  5862  5948 D ReaderCore: setAnt START
01-01 08:22:47.582  5862  5948 D ReaderCore: setAnt DONE
01-01 08:22:47.602  5862  5948 W ANTDEBUG: 3
01-01 08:22:47.603  5862  5948 D ReaderCore: setAnt START
01-01 08:22:47.613  5862  5948 D ReaderCore: setAnt DONE
01-01 08:22:47.673  5862  5948 W ANTDEBUG: 0
01-01 08:22:47.674  5862  5948 D ReaderCore: setAnt START
01-01 08:22:47.685  5862  5948 D ReaderCore: setAnt DONE
01-01 08:22:47.706  5862  5948 W ANTDEBUG: 1
01-01 08:22:47.706  5862  5948 D ReaderCore: setAnt START
01-01 08:22:47.717  5862  5948 D ReaderCore: setAnt DONE
01-01 08:22:47.737  5862  5948 W ANTDEBUG: 2
01-01 08:22:47.737  5862  5948 D ReaderCore: setAnt START
01-01 08:22:47.748  5862  5948 D ReaderCore: setAnt DONE
01-01 08:22:47.768  5862  5948 W ANTDEBUG: 3
01-01 08:22:47.768  5862  5948 D ReaderCore: setAnt START
01-01 08:22:47.779  5862  5948 D ReaderCore: setAnt DONE
01-01 08:22:47.831  5862  5948 W ANTDEBUG: 0
01-01 08:22:47.831  5862  5948 D ReaderCore: setAnt START
01-01 08:22:47.842  5862  5948 D ReaderCore: setAnt DONE
01-01 08:22:47.862  5862  5948 W ANTDEBUG: 1
01-01 08:22:47.863  5862  5948 D ReaderCore: setAnt START
01-01 08:22:47.873  5862  5948 D ReaderCore: setAnt DONE
01-01 08:22:47.894  5862  5948 W ANTDEBUG: 2
01-01 08:22:47.894  5862  5948 D ReaderCore: setAnt START
01-01 08:22:47.904  5862  5948 D ReaderCore: setAnt DONE
01-01 08:22:47.925  5862  5948 W ANTDEBUG: 3
01-01 08:22:47.925  5862  5948 D ReaderCore: setAnt START
01-01 08:22:47.936  5862  5948 D ReaderCore: setAnt DONE
01-01 08:22:47.989  5862  5948 W ANTDEBUG: 0
01-01 08:22:47.989  5862  5948 D ReaderCore: setAnt START
01-01 08:22:47.999  5862  5948 D ReaderCore: setAnt DONE
01-01 08:22:48.020  5862  5948 W ANTDEBUG: 1
01-01 08:22:48.020  5862  5948 D ReaderCore: setAnt START
01-01 08:22:48.031  5862  5948 D ReaderCore: setAnt DONE
01-01 08:22:48.054  5862  5948 W ANTDEBUG: 2
01-01 08:22:48.054  5862  5948 D ReaderCore: setAnt START
01-01 08:22:48.064  5862  5948 D ReaderCore: setAnt DONE
01-01 08:22:48.091  5862  5948 W ANTDEBUG: 3
01-01 08:22:48.091  5862  5948 D ReaderCore: setAnt START
01-01 08:22:48.103  5862  5948 D ReaderCore: setAnt DONE
01-01 08:22:48.157  5862  5948 W ANTDEBUG: 0
01-01 08:22:48.157  5862  5948 D ReaderCore: setAnt START
01-01 08:22:48.167  5862  5948 D ReaderCore: setAnt DONE
01-01 08:22:48.188  5862  5948 W ANTDEBUG: 1
01-01 08:22:48.188  5862  5948 D ReaderCore: setAnt START
01-01 08:22:48.198  5862  5948 D ReaderCore: setAnt DONE
01-01 08:22:48.219  5862  5948 W ANTDEBUG: 2
01-01 08:22:48.219  5862  5948 D ReaderCore: setAnt START
01-01 08:22:48.230  5862  5948 D ReaderCore: setAnt DONE
01-01 08:22:48.250  5862  5948 W ANTDEBUG: 3
01-01 08:22:48.250  5862  5948 D ReaderCore: setAnt START
01-01 08:22:48.261  5862  5948 D ReaderCore: setAnt DONE
01-01 08:22:48.314  5862  5948 W ANTDEBUG: 0
01-01 08:22:48.314  5862  5948 D ReaderCore: setAnt START
01-01 08:22:48.325  5862  5948 D ReaderCore: setAnt DONE
01-01 08:22:48.345  5862  5948 W ANTDEBUG: 1
01-01 08:22:48.346  5862  5948 D ReaderCore: setAnt START
01-01 08:22:48.356  5862  5948 D ReaderCore: setAnt DONE
01-01 08:22:48.377  5862  5948 W ANTDEBUG: 2
01-01 08:22:48.377  5862  5948 D ReaderCore: setAnt START
01-01 08:22:48.387  5862  5948 D ReaderCore: setAnt DONE
01-01 08:22:48.408  5862  5948 W ANTDEBUG: 3
01-01 08:22:48.408  5862  5948 D ReaderCore: setAnt START
01-01 08:22:48.418  5862  5948 D ReaderCore: setAnt DONE
01-01 08:22:48.471  5862  5948 W ANTDEBUG: 0
01-01 08:22:48.471  5862  5948 D ReaderCore: setAnt START
01-01 08:22:48.483  5862  5948 D ReaderCore: setAnt DONE
01-01 08:22:48.504  5862  5948 W ANTDEBUG: 1
01-01 08:22:48.504  5862  5948 D ReaderCore: setAnt START
01-01 08:22:48.514  5862  5948 D ReaderCore: setAnt DONE
01-01 08:22:48.535  5862  5948 W ANTDEBUG: 2
01-01 08:22:48.535  5862  5948 D ReaderCore: setAnt START
01-01 08:22:48.545  5862  5948 D ReaderCore: setAnt DONE
01-01 08:22:48.566  5862  5948 W ANTDEBUG: 3
01-01 08:22:48.566  5862  5948 D ReaderCore: setAnt START
01-01 08:22:48.577  5862  5948 D ReaderCore: setAnt DONE
01-01 08:22:48.629  5862  5948 W ANTDEBUG: 0
01-01 08:22:48.630  5862  5948 D ReaderCore: setAnt START
01-01 08:22:48.640  5862  5948 D ReaderCore: setAnt DONE
01-01 08:22:48.661  5862  5948 W ANTDEBUG: 1
01-01 08:22:48.661  5862  5948 D ReaderCore: setAnt START
01-01 08:22:48.672  5862  5948 D ReaderCore: setAnt DONE
01-01 08:22:48.693  5862  5948 W ANTDEBUG: 2
01-01 08:22:48.694  5862  5948 D ReaderCore: setAnt START
01-01 08:22:48.704  5862  5948 D ReaderCore: setAnt DONE
01-01 08:22:48.725  5862  5948 W ANTDEBUG: 3
01-01 08:22:48.725  5862  5948 D ReaderCore: setAnt START
01-01 08:22:48.736  5862  5948 D ReaderCore: setAnt DONE
01-01 08:22:48.786  5862  5948 W ANTDEBUG: 0
01-01 08:22:48.788  5862  5948 D ReaderCore: setAnt START
01-01 08:22:48.798  5862  5948 D ReaderCore: setAnt DONE
01-01 08:22:48.819  5862  5948 W ANTDEBUG: 1
01-01 08:22:48.819  5862  5948 D ReaderCore: setAnt START
01-01 08:22:48.829  5862  5948 D ReaderCore: setAnt DONE
01-01 08:22:48.850  5862  5948 W ANTDEBUG: 2
01-01 08:22:48.850  5862  5948 D ReaderCore: setAnt START
01-01 08:22:48.860  5862  5948 D ReaderCore: setAnt DONE
01-01 08:22:48.881  5862  5948 W ANTDEBUG: 3
01-01 08:22:48.881  5862  5948 D ReaderCore: setAnt START
01-01 08:22:48.891  5862  5948 D ReaderCore: setAnt DONE
01-01 08:22:48.944  5862  5948 W ANTDEBUG: 0
01-01 08:22:48.944  5862  5948 D ReaderCore: setAnt START
01-01 08:22:48.954  5862  5948 D ReaderCore: setAnt DONE
01-01 08:22:48.975  5862  5948 W ANTDEBUG: 1
01-01 08:22:48.975  5862  5948 D ReaderCore: setAnt START
01-01 08:22:48.985  5862  5948 D ReaderCore: setAnt DONE
01-01 08:22:49.006  5862  5948 W ANTDEBUG: 2
01-01 08:22:49.006  5862  5948 D ReaderCore: setAnt START
01-01 08:22:49.017  5862  5948 D ReaderCore: setAnt DONE
01-01 08:22:49.037  5862  5948 W ANTDEBUG: 3
01-01 08:22:49.037  5862  5948 D ReaderCore: setAnt START
01-01 08:22:49.048  5862  5948 D ReaderCore: setAnt DONE
01-01 08:22:49.103  5862  5948 W ANTDEBUG: 0
01-01 08:22:49.103  5862  5948 D ReaderCore: setAnt START
01-01 08:22:49.113  5862  5948 D ReaderCore: setAnt DONE
01-01 08:22:49.135  5862  5948 W ANTDEBUG: 1
01-01 08:22:49.135  5862  5948 D ReaderCore: setAnt START
01-01 08:22:49.145  5862  5948 D ReaderCore: setAnt DONE
01-01 08:22:49.166  5862  5948 W ANTDEBUG: 2
01-01 08:22:49.166  5862  5948 D ReaderCore: setAnt START
01-01 08:22:49.173  5862  5873 I art     : Background sticky concurrent mark sweep GC freed 304037(11MB) AllocSpace objects, 0(0B) LOS objects, 61% free, 7MB/18MB, paused 2.121ms total 114.371ms
01-01 08:22:49.177  5862  5948 D ReaderCore: setAnt DONE
01-01 08:22:49.197  5862  5948 W ANTDEBUG: 3
01-01 08:22:49.197  5862  5948 D ReaderCore: setAnt START
01-01 08:22:49.208  5862  5948 D ReaderCore: setAnt DONE
01-01 08:22:49.261  5862  5948 W ANTDEBUG: 0
01-01 08:22:49.261  5862  5948 D ReaderCore: setAnt START
01-01 08:22:49.272  5862  5948 D ReaderCore: setAnt DONE
01-01 08:22:49.294  5862  5948 W ANTDEBUG: 1
01-01 08:22:49.294  5862  5948 D ReaderCore: setAnt START
01-01 08:22:49.299  4526  4526 D wpa_supplicant: wlan0: Control interface command 'SIGNAL_POLL'
01-01 08:22:49.305  5862  5948 D ReaderCore: setAnt DONE
01-01 08:22:49.310  4526  4526 D wpa_supplicant: CTRL-DEBUG: global_ctrl_sock-sendto: sock=8 sndbuf=163840 outq=0 send_len=48
01-01 08:22:49.325  5862  5948 W ANTDEBUG: 2
01-01 08:22:49.325  5862  5948 D ReaderCore: setAnt START
01-01 08:22:49.336  5862  5948 D ReaderCore: setAnt DONE
01-01 08:22:49.356  5862  5948 W ANTDEBUG: 3
01-01 08:22:49.357  5862  5948 D ReaderCore: setAnt START
01-01 08:22:49.367  5862  5948 D ReaderCore: setAnt DONE
01-01 08:22:49.420  5862  5948 W ANTDEBUG: 0
01-01 08:22:49.420  5862  5948 D ReaderCore: setAnt START
01-01 08:22:49.430  5862  5948 D ReaderCore: setAnt DONE
01-01 08:22:49.451  5862  5948 W ANTDEBUG: 1
01-01 08:22:49.451  5862  5948 D ReaderCore: setAnt START
01-01 08:22:49.462  5862  5948 D ReaderCore: setAnt DONE
01-01 08:22:49.482  5862  5948 W ANTDEBUG: 2
01-01 08:22:49.483  5862  5948 D ReaderCore: setAnt START
01-01 08:22:49.493  5862  5948 D ReaderCore: setAnt DONE
01-01 08:22:49.513  5862  5948 W ANTDEBUG: 3
01-01 08:22:49.514  5862  5948 D ReaderCore: setAnt START
01-01 08:22:49.524  5862  5948 D ReaderCore: setAnt DONE
01-01 08:22:49.576  5862  5948 W ANTDEBUG: 0
01-01 08:22:49.577  5862  5948 D ReaderCore: setAnt START
01-01 08:22:49.587  5862  5948 D ReaderCore: setAnt DONE
01-01 08:22:49.608  5862  5948 W ANTDEBUG: 1
01-01 08:22:49.608  5862  5948 D ReaderCore: setAnt START
01-01 08:22:49.618  5862  5948 D ReaderCore: setAnt DONE
01-01 08:22:49.639  5862  5948 W ANTDEBUG: 2
01-01 08:22:49.639  5862  5948 D ReaderCore: setAnt START
01-01 08:22:49.649  5862  5948 D ReaderCore: setAnt DONE
01-01 08:22:49.670  5862  5948 W ANTDEBUG: 3
01-01 08:22:49.670  5862  5948 D ReaderCore: setAnt START
01-01 08:22:49.681  5862  5948 D ReaderCore: setAnt DONE
01-01 08:22:49.735  5862  5948 W ANTDEBUG: 0
01-01 08:22:49.735  5862  5948 D ReaderCore: setAnt START
01-01 08:22:49.745  5862  5948 D ReaderCore: setAnt DONE
01-01 08:22:49.766  5862  5948 W ANTDEBUG: 1
01-01 08:22:49.766  5862  5948 D ReaderCore: setAnt START
01-01 08:22:49.779  5862  5948 D ReaderCore: setAnt DONE
01-01 08:22:49.800  5862  5948 W ANTDEBUG: 2
01-01 08:22:49.800  5862  5948 D ReaderCore: setAnt START
01-01 08:22:49.810  5862  5948 D ReaderCore: setAnt DONE
01-01 08:22:49.831  5862  5948 W ANTDEBUG: 3
01-01 08:22:49.831  5862  5948 D ReaderCore: setAnt START
01-01 08:22:49.841  5862  5948 D ReaderCore: setAnt DONE
01-01 08:22:49.894  5862  5948 W ANTDEBUG: 0
01-01 08:22:49.894  5862  5948 D ReaderCore: setAnt START
01-01 08:22:49.904  5862  5948 D ReaderCore: setAnt DONE
01-01 08:22:49.925  5862  5948 W ANTDEBUG: 1
01-01 08:22:49.925  5862  5948 D ReaderCore: setAnt START
01-01 08:22:49.935  5862  5948 D ReaderCore: setAnt DONE
01-01 08:22:49.956  5862  5948 W ANTDEBUG: 2
01-01 08:22:49.956  5862  5948 D ReaderCore: setAnt START
01-01 08:22:49.967  5862  5948 D ReaderCore: setAnt DONE
01-01 08:22:49.987  5862  5948 W ANTDEBUG: 3
01-01 08:22:49.987  5862  5948 D ReaderCore: setAnt START
01-01 08:22:49.998  5862  5948 D ReaderCore: setAnt DONE
01-01 08:22:50.052  5862  5948 W ANTDEBUG: 0
01-01 08:22:50.052  5862  5948 D ReaderCore: setAnt START
01-01 08:22:50.062  5862  5948 D ReaderCore: setAnt DONE
01-01 08:22:50.083  5862  5948 W ANTDEBUG: 1
01-01 08:22:50.083  5862  5948 D ReaderCore: setAnt START
01-01 08:22:50.094  5862  5948 D ReaderCore: setAnt DONE
01-01 08:22:50.114  5862  5948 W ANTDEBUG: 2
01-01 08:22:50.115  5862  5948 D ReaderCore: setAnt START
01-01 08:22:50.125  5862  5948 D ReaderCore: setAnt DONE
01-01 08:22:50.146  5862  5948 W ANTDEBUG: 3
01-01 08:22:50.146  5862  5948 D ReaderCore: setAnt START
01-01 08:22:50.156  5862  5948 D ReaderCore: setAnt DONE
01-01 08:22:50.208  5862  5948 W ANTDEBUG: 0
01-01 08:22:50.208  5862  5948 D ReaderCore: setAnt START
01-01 08:22:50.219  5862  5948 D ReaderCore: setAnt DONE
01-01 08:22:50.241  5862  5948 W ANTDEBUG: 1
01-01 08:22:50.241  5862  5948 D ReaderCore: setAnt START
01-01 08:22:50.251  5862  5948 D ReaderCore: setAnt DONE
01-01 08:22:50.272  5862  5948 W ANTDEBUG: 2
01-01 08:22:50.272  5862  5948 D ReaderCore: setAnt START
01-01 08:22:50.283  5862  5948 D ReaderCore: setAnt DONE
01-01 08:22:50.304  5862  5948 W ANTDEBUG: 3
01-01 08:22:50.304  5862  5948 D ReaderCore: setAnt START
01-01 08:22:50.314  5862  5948 D ReaderCore: setAnt DONE
01-01 08:22:50.367  5862  5948 W ANTDEBUG: 0
01-01 08:22:50.367  5862  5948 D ReaderCore: setAnt START
01-01 08:22:50.377  5862  5948 D ReaderCore: setAnt DONE
01-01 08:22:50.398  5862  5948 W ANTDEBUG: 1
01-01 08:22:50.398  5862  5948 D ReaderCore: setAnt START
01-01 08:22:50.409  5862  5948 D ReaderCore: setAnt DONE
01-01 08:22:50.429  5862  5948 W ANTDEBUG: 2
01-01 08:22:50.429  5862  5948 D ReaderCore: setAnt START
01-01 08:22:50.440  5862  5948 D ReaderCore: setAnt DONE
01-01 08:22:50.461  5862  5948 W ANTDEBUG: 3
01-01 08:22:50.461  5862  5948 D ReaderCore: setAnt START
01-01 08:22:50.472  5862  5948 D ReaderCore: setAnt DONE
01-01 08:22:50.524  5862  5948 W ANTDEBUG: 0
01-01 08:22:50.524  5862  5948 D ReaderCore: setAnt START
01-01 08:22:50.535  5862  5948 D ReaderCore: setAnt DONE
01-01 08:22:50.555  5862  5948 W ANTDEBUG: 1
01-01 08:22:50.555  5862  5948 D ReaderCore: setAnt START
01-01 08:22:50.566  5862  5948 D ReaderCore: setAnt DONE
01-01 08:22:50.586  5862  5948 W ANTDEBUG: 2
01-01 08:22:50.587  5862  5948 D ReaderCore: setAnt START
01-01 08:22:50.597  5862  5948 D ReaderCore: setAnt DONE
01-01 08:22:50.618  5862  5948 W ANTDEBUG: 3
01-01 08:22:50.618  5862  5948 D ReaderCore: setAnt START
01-01 08:22:50.628  5862  5948 D ReaderCore: setAnt DONE
01-01 08:22:50.681  5862  5948 W ANTDEBUG: 0
01-01 08:22:50.681  5862  5948 D ReaderCore: setAnt START
01-01 08:22:50.692  5862  5948 D ReaderCore: setAnt DONE
01-01 08:22:50.715  5862  5948 W ANTDEBUG: 1
01-01 08:22:50.715  5862  5948 D ReaderCore: setAnt START
01-01 08:22:50.725  5862  5948 D ReaderCore: setAnt DONE
01-01 08:22:50.746  5862  5948 W ANTDEBUG: 2
01-01 08:22:50.746  5862  5948 D ReaderCore: setAnt START
01-01 08:22:50.758  5862  5948 D ReaderCore: setAnt DONE
01-01 08:22:50.781  5862  5948 W ANTDEBUG: 3
01-01 08:22:50.781  5862  5948 D ReaderCore: setAnt START
01-01 08:22:50.792  5862  5948 D ReaderCore: setAnt DONE
01-01 08:22:50.832   374   374 I cnss-daemon: RTM_NEWNEIGH message received: 28
01-01 08:22:50.833   374   374 E cnss-daemon: Stale or unreachable neighbors, ndm state: 16
01-01 08:22:50.844  5862  5948 W ANTDEBUG: 0
01-01 08:22:50.845  5862  5948 D ReaderCore: setAnt START
01-01 08:22:50.856  5862  5948 D ReaderCore: setAnt DONE
01-01 08:22:50.880  5862  5948 W ANTDEBUG: 1
01-01 08:22:50.881  5862  5948 D ReaderCore: setAnt START
01-01 08:22:50.901  5862  5948 D ReaderCore: setAnt DONE
01-01 08:22:50.922  5862  5948 W ANTDEBUG: 2
01-01 08:22:50.922  5862  5948 D ReaderCore: setAnt START
01-01 08:22:50.933  5862  5948 D ReaderCore: setAnt DONE
01-01 08:22:50.954  5862  5948 W ANTDEBUG: 3
01-01 08:22:50.954  5862  5948 D ReaderCore: setAnt START
01-01 08:22:50.964  5862  5948 D ReaderCore: setAnt DONE
01-01 08:22:50.986  5862  5873 I art     : Background sticky concurrent mark sweep GC freed 303389(11MB) AllocSpace objects, 0(0B) LOS objects, 60% free, 7MB/18MB, paused 2.108ms total 122.903ms
01-01 08:22:51.018  5862  5948 W ANTDEBUG: 0
01-01 08:22:51.018  5862  5948 D ReaderCore: setAnt START
01-01 08:22:51.029  5862  5948 D ReaderCore: setAnt DONE
01-01 08:22:51.050  5862  5948 W ANTDEBUG: 1
01-01 08:22:51.050  5862  5948 D ReaderCore: setAnt START
01-01 08:22:51.060  5862  5948 D ReaderCore: setAnt DONE
01-01 08:22:51.081  5862  5948 W ANTDEBUG: 2
01-01 08:22:51.081  5862  5948 D ReaderCore: setAnt START
01-01 08:22:51.092  5862  5948 D ReaderCore: setAnt DONE
01-01 08:22:51.113  5862  5948 W ANTDEBUG: 3
01-01 08:22:51.113  5862  5948 D ReaderCore: setAnt START
01-01 08:22:51.123  5862  5948 D ReaderCore: setAnt DONE
01-01 08:22:51.176  5862  5948 W ANTDEBUG: 0
01-01 08:22:51.176  5862  5948 D ReaderCore: setAnt START
01-01 08:22:51.186  5862  5948 D ReaderCore: setAnt DONE
01-01 08:22:51.207  5862  5948 W ANTDEBUG: 1
01-01 08:22:51.207  5862  5948 D ReaderCore: setAnt START
01-01 08:22:51.217  5862  5948 D ReaderCore: setAnt DONE
01-01 08:22:51.238  5862  5948 W ANTDEBUG: 2
01-01 08:22:51.238  5862  5948 D ReaderCore: setAnt START
01-01 08:22:51.248  5862  5948 D ReaderCore: setAnt DONE
01-01 08:22:51.269  5862  5948 W ANTDEBUG: 3
01-01 08:22:51.269  5862  5948 D ReaderCore: setAnt START
01-01 08:22:51.279  5862  5948 D ReaderCore: setAnt DONE
01-01 08:22:51.332  5862  5948 W ANTDEBUG: 0
01-01 08:22:51.332  5862  5948 D ReaderCore: setAnt START
01-01 08:22:51.343  5862  5948 D ReaderCore: setAnt DONE
01-01 08:22:51.363  5862  5948 W ANTDEBUG: 1
01-01 08:22:51.363  5862  5948 D ReaderCore: setAnt START
01-01 08:22:51.374  5862  5948 D ReaderCore: setAnt DONE
01-01 08:22:51.395  5862  5948 W ANTDEBUG: 2
01-01 08:22:51.395  5862  5948 D ReaderCore: setAnt START
01-01 08:22:51.406  5862  5948 D ReaderCore: setAnt DONE
01-01 08:22:51.427  5862  5948 W ANTDEBUG: 3
01-01 08:22:51.427  5862  5948 D ReaderCore: setAnt START
01-01 08:22:51.437  5862  5948 D ReaderCore: setAnt DONE
01-01 08:22:51.490  5862  5948 W ANTDEBUG: 0
01-01 08:22:51.490  5862  5948 D ReaderCore: setAnt START
01-01 08:22:51.501  5862  5948 D ReaderCore: setAnt DONE
01-01 08:22:51.522  5862  5948 W ANTDEBUG: 1
01-01 08:22:51.522  5862  5948 D ReaderCore: setAnt START
01-01 08:22:51.532  5862  5948 D ReaderCore: setAnt DONE
01-01 08:22:51.553  5862  5948 W ANTDEBUG: 2
01-01 08:22:51.553  5862  5948 D ReaderCore: setAnt START
01-01 08:22:51.563  5862  5948 D ReaderCore: setAnt DONE
01-01 08:22:51.584  5862  5948 W ANTDEBUG: 3
01-01 08:22:51.584  5862  5948 D ReaderCore: setAnt START
01-01 08:22:51.595  5862  5948 D ReaderCore: setAnt DONE
01-01 08:22:51.658  5862  5948 W ANTDEBUG: 0
01-01 08:22:51.658  5862  5948 D ReaderCore: setAnt START
01-01 08:22:51.668  5862  5948 D ReaderCore: setAnt DONE
01-01 08:22:51.689  5862  5948 W ANTDEBUG: 1
01-01 08:22:51.689  5862  5948 D ReaderCore: setAnt START
01-01 08:22:51.700  5862  5948 D ReaderCore: setAnt DONE
01-01 08:22:51.720  5862  5948 W ANTDEBUG: 2
01-01 08:22:51.721  5862  5948 D ReaderCore: setAnt START
01-01 08:22:51.731  5862  5948 D ReaderCore: setAnt DONE
01-01 08:22:51.752  5862  5948 W ANTDEBUG: 3
01-01 08:22:51.752  5862  5948 D ReaderCore: setAnt START
01-01 08:22:51.762  5862  5948 D ReaderCore: setAnt DONE
01-01 08:22:51.817  5862  5948 W ANTDEBUG: 0
01-01 08:22:51.817  5862  5948 D ReaderCore: setAnt START
01-01 08:22:51.828  5862  5948 D ReaderCore: setAnt DONE
01-01 08:22:51.848  5862  5948 W ANTDEBUG: 1
01-01 08:22:51.848  5862  5948 D ReaderCore: setAnt START
01-01 08:22:51.859  5862  5948 D ReaderCore: setAnt DONE
01-01 08:22:51.879  5862  5948 W ANTDEBUG: 2
01-01 08:22:51.880  5862  5948 D ReaderCore: setAnt START
01-01 08:22:51.890  5862  5948 D ReaderCore: setAnt DONE
01-01 08:22:51.911  5862  5948 W ANTDEBUG: 3
01-01 08:22:51.911  5862  5948 D ReaderCore: setAnt START
01-01 08:22:51.921  5862  5948 D ReaderCore: setAnt DONE
01-01 08:22:51.974  5862  5948 W ANTDEBUG: 0
01-01 08:22:51.974  5862  5948 D ReaderCore: setAnt START
01-01 08:22:51.985  5862  5948 D ReaderCore: setAnt DONE
01-01 08:22:52.006  5862  5948 W ANTDEBUG: 1
01-01 08:22:52.006  5862  5948 D ReaderCore: setAnt START
01-01 08:22:52.016  5862  5948 D ReaderCore: setAnt DONE
01-01 08:22:52.042  5862  5948 W ANTDEBUG: 2
01-01 08:22:52.042  5862  5948 D ReaderCore: setAnt START
01-01 08:22:52.053  5862  5948 D ReaderCore: setAnt DONE
01-01 08:22:52.073  5862  5948 W ANTDEBUG: 3
01-01 08:22:52.073  5862  5948 D ReaderCore: setAnt START
01-01 08:22:52.084  5862  5948 D ReaderCore: setAnt DONE
01-01 08:22:52.136  5862  5948 W ANTDEBUG: 0
01-01 08:22:52.137  5862  5948 D ReaderCore: setAnt START
01-01 08:22:52.147  5862  5948 D ReaderCore: setAnt DONE
01-01 08:22:52.168  5862  5948 W ANTDEBUG: 1
01-01 08:22:52.168  5862  5948 D ReaderCore: setAnt START
01-01 08:22:52.178  5862  5948 D ReaderCore: setAnt DONE
01-01 08:22:52.199  5862  5948 W ANTDEBUG: 2
01-01 08:22:52.199  5862  5948 D ReaderCore: setAnt START
01-01 08:22:52.209  5862  5948 D ReaderCore: setAnt DONE
01-01 08:22:52.230  5862  5948 W ANTDEBUG: 3
01-01 08:22:52.230  5862  5948 D ReaderCore: setAnt START
01-01 08:22:52.241  5862  5948 D ReaderCore: setAnt DONE
01-01 08:22:52.294  5862  5948 W ANTDEBUG: 0
01-01 08:22:52.294  5862  5948 D ReaderCore: setAnt START
01-01 08:22:52.305  5862  5948 D ReaderCore: setAnt DONE
01-01 08:22:52.314  4526  4526 D wpa_supplicant: wlan0: Control interface command 'SIGNAL_POLL'
01-01 08:22:52.326  4526  4526 D wpa_supplicant: CTRL-DEBUG: global_ctrl_sock-sendto: sock=8 sndbuf=163840 outq=0 send_len=48
01-01 08:22:52.327  5862  5948 W ANTDEBUG: 1
01-01 08:22:52.327  5862  5948 D ReaderCore: setAnt START
01-01 08:22:52.337  5862  5948 D ReaderCore: setAnt DONE
01-01 08:22:52.358  5862  5948 W ANTDEBUG: 2
01-01 08:22:52.358  5862  5948 D ReaderCore: setAnt START
01-01 08:22:52.368  5862  5948 D ReaderCore: setAnt DONE
01-01 08:22:52.389  5862  5948 W ANTDEBUG: 3
01-01 08:22:52.389  5862  5948 D ReaderCore: setAnt START
01-01 08:22:52.400  5862  5948 D ReaderCore: setAnt DONE
01-01 08:22:52.452  5862  5948 W ANTDEBUG: 0
01-01 08:22:52.452  5862  5948 D ReaderCore: setAnt START
01-01 08:22:52.462  5862  5948 D ReaderCore: setAnt DONE
01-01 08:22:52.483  5862  5948 W ANTDEBUG: 1
01-01 08:22:52.483  5862  5948 D ReaderCore: setAnt START
01-01 08:22:52.494  5862  5948 D ReaderCore: setAnt DONE
01-01 08:22:52.514  5862  5948 W ANTDEBUG: 2
01-01 08:22:52.514  5862  5948 D ReaderCore: setAnt START
01-01 08:22:52.525  5862  5948 D ReaderCore: setAnt DONE
01-01 08:22:52.545  5862  5948 W ANTDEBUG: 3
01-01 08:22:52.546  5862  5948 D ReaderCore: setAnt START
01-01 08:22:52.556  5862  5948 D ReaderCore: setAnt DONE
01-01 08:22:52.608  5862  5948 W ANTDEBUG: 0
01-01 08:22:52.609  5862  5948 D ReaderCore: setAnt START
01-01 08:22:52.619  5862  5948 D ReaderCore: setAnt DONE
01-01 08:22:52.640  5862  5948 W ANTDEBUG: 1
01-01 08:22:52.640  5862  5948 D ReaderCore: setAnt START
01-01 08:22:52.654  5862  5948 D ReaderCore: setAnt DONE
01-01 08:22:52.675  5862  5948 W ANTDEBUG: 2
01-01 08:22:52.675  5862  5948 D ReaderCore: setAnt START
01-01 08:22:52.686  5862  5948 D ReaderCore: setAnt DONE
01-01 08:22:52.706  5862  5948 W ANTDEBUG: 3
01-01 08:22:52.707  5862  5948 D ReaderCore: setAnt START
01-01 08:22:52.718  5862  5948 D ReaderCore: setAnt DONE
01-01 08:22:52.760  5862  5873 I art     : Background sticky concurrent mark sweep GC freed 298191(11MB) AllocSpace objects, 1(104KB) LOS objects, 61% free, 7MB/18MB, paused 2.382ms total 110.369ms
01-01 08:22:52.771  5862  5948 W ANTDEBUG: 0
01-01 08:22:52.772  5862  5948 D ReaderCore: setAnt START
01-01 08:22:52.782  5862  5948 D ReaderCore: setAnt DONE
01-01 08:22:52.802  5862  5948 W ANTDEBUG: 1
01-01 08:22:52.803  5862  5948 D ReaderCore: setAnt START
01-01 08:22:52.813  5862  5948 D ReaderCore: setAnt DONE
01-01 08:22:52.834  5862  5948 W ANTDEBUG: 2
01-01 08:22:52.834  5862  5948 D ReaderCore: setAnt START
01-01 08:22:52.844  5862  5948 D ReaderCore: setAnt DONE
01-01 08:22:52.865  5862  5948 W ANTDEBUG: 3
01-01 08:22:52.865  5862  5948 D ReaderCore: setAnt START
01-01 08:22:52.875  5862  5948 D ReaderCore: setAnt DONE
01-01 08:22:52.928  5862  5948 W ANTDEBUG: 0
01-01 08:22:52.928  5862  5948 D ReaderCore: setAnt START
01-01 08:22:52.939  5862  5948 D ReaderCore: setAnt DONE
01-01 08:22:52.959  5862  5948 W ANTDEBUG: 1
01-01 08:22:52.959  5862  5948 D ReaderCore: setAnt START
01-01 08:22:52.970  5862  5948 D ReaderCore: setAnt DONE
01-01 08:22:52.990  5862  5948 W ANTDEBUG: 2
01-01 08:22:52.990  5862  5948 D ReaderCore: setAnt START
01-01 08:22:53.001  5862  5948 D ReaderCore: setAnt DONE
01-01 08:22:53.021  5862  5948 W ANTDEBUG: 3
01-01 08:22:53.022  5862  5948 D ReaderCore: setAnt START
01-01 08:22:53.032  5862  5948 D ReaderCore: setAnt DONE
01-01 08:22:53.085  5862  5948 W ANTDEBUG: 0
01-01 08:22:53.085  5862  5948 D ReaderCore: setAnt START
01-01 08:22:53.096  5862  5948 D ReaderCore: setAnt DONE
01-01 08:22:53.116  5862  5948 W ANTDEBUG: 1
01-01 08:22:53.117  5862  5948 D ReaderCore: setAnt START
01-01 08:22:53.127  5862  5948 D ReaderCore: setAnt DONE
01-01 08:22:53.147  5862  5948 W ANTDEBUG: 2
01-01 08:22:53.148  5862  5948 D ReaderCore: setAnt START
01-01 08:22:53.158  5862  5948 D ReaderCore: setAnt DONE
01-01 08:22:53.178  5862  5948 W ANTDEBUG: 3
01-01 08:22:53.178  5862  5948 D ReaderCore: setAnt START
01-01 08:22:53.189  5862  5948 D ReaderCore: setAnt DONE
01-01 08:22:53.242  5862  5948 W ANTDEBUG: 0
01-01 08:22:53.243  5862  5948 D ReaderCore: setAnt START
01-01 08:22:53.254  5862  5948 D ReaderCore: setAnt DONE
01-01 08:22:53.275  5862  5948 W ANTDEBUG: 1
01-01 08:22:53.275  5862  5948 D ReaderCore: setAnt START
01-01 08:22:53.285  5862  5948 D ReaderCore: setAnt DONE
01-01 08:22:53.306  5862  5948 W ANTDEBUG: 2
01-01 08:22:53.306  5862  5948 D ReaderCore: setAnt START
01-01 08:22:53.317  5862  5948 D ReaderCore: setAnt DONE
01-01 08:22:53.342  5862  5948 W ANTDEBUG: 3
01-01 08:22:53.342  5862  5948 D ReaderCore: setAnt START
01-01 08:22:53.353  5862  5948 D ReaderCore: setAnt DONE
01-01 08:22:53.405  5862  5948 W ANTDEBUG: 0
01-01 08:22:53.405  5862  5948 D ReaderCore: setAnt START
01-01 08:22:53.416  5862  5948 D ReaderCore: setAnt DONE
01-01 08:22:53.436  5862  5948 W ANTDEBUG: 1
01-01 08:22:53.437  5862  5948 D ReaderCore: setAnt START
01-01 08:22:53.447  5862  5948 D ReaderCore: setAnt DONE
01-01 08:22:53.468  5862  5948 W ANTDEBUG: 2
01-01 08:22:53.468  5862  5948 D ReaderCore: setAnt START
01-01 08:22:53.478  5862  5948 D ReaderCore: setAnt DONE
01-01 08:22:53.499  5862  5948 W ANTDEBUG: 3
01-01 08:22:53.499  5862  5948 D ReaderCore: setAnt START
01-01 08:22:53.509  5862  5948 D ReaderCore: setAnt DONE
01-01 08:22:53.562  5862  5948 W ANTDEBUG: 0
01-01 08:22:53.563  5862  5948 D ReaderCore: setAnt START
01-01 08:22:53.573  5862  5948 D ReaderCore: setAnt DONE
01-01 08:22:53.594  5862  5948 W ANTDEBUG: 1
