01-01 08:23:15.130  3777  4332 D WifiQualifiedNetworkSelector:: DC19900:e0:21:fe:18:00:60 / Tapo_Cam_3EFE:52:91:e3:13:3e:fe / DC17719JJ:e0:21:fe:17:d3:e0 / IseeU:c2:07:1d:81:83:54 / IseeU:c2:07:1d:81:83:5a / ENGLISHANDMATH2018_2.4:72:83:e7:d3:be:20 / DIRECT-sx-EPSON-WF-C878R Series:3a:9d:92:e2:a2:c4 /  skipped due to not saved
01-01 08:23:15.130  3777  4332 D WifiQualifiedNetworkSelector::
01-01 08:23:15.130  3777  4332 D WifiQualifiedNetworkSelector::  skipped due to not valid SSID
01-01 08:23:15.130  3777  4332 D WifiQualifiedNetworkSelector::  RSSI score: 100 Same network with current associated. Bonus: 16 Same BSSID with current association. Bonus: 24 Secure network Bonus:80 Score for scanResult: SSID: MiniClean, BSSID: bc:07:1d:81:83:5a, capabilities: [WPA2-PSK-CCMP][ESS], level: -33, frequency: 2437, timestamp: 1389367119, distance: ?(cm), distanceSd: ?(cm), passpoint: no, ChannelBandwidth: 0, centerFreq0: 0, centerFreq1: 0, 80211mcResponder: is not supported and Network ID: 0 final score:220
01-01 08:23:15.130  3777  4332 D WifiQualifiedNetworkSelector::
01-01 08:23:15.131  3777  4332 D WifiQualifiedNetworkSelector:: After user choice adjust, the final candidate is:"MiniClean":0 : bc:07:1d:81:83:5a
01-01 08:23:15.131  3777  4332 D WifiQualifiedNetworkSelector:: "MiniClean":0 is already the best choice!
01-01 08:23:15.134  5862  5948 D ReaderCore: setAnt DONE
01-01 08:23:15.158  5862  5948 W ANTDEBUG: 1
01-01 08:23:15.159  5862  5948 D ReaderCore: setAnt START
01-01 08:23:15.169  5862  5948 D ReaderCore: setAnt DONE
01-01 08:23:15.190  5862  5948 W ANTDEBUG: 2
01-01 08:23:15.190  5862  5948 D ReaderCore: setAnt START
01-01 08:23:15.200  5862  5948 D ReaderCore: setAnt DONE
01-01 08:23:15.221  5862  5948 W ANTDEBUG: 3
01-01 08:23:15.221  5862  5948 D ReaderCore: setAnt START
01-01 08:23:15.232  5862  5948 D ReaderCore: setAnt DONE
01-01 08:23:15.294  5862  5948 W ANTDEBUG: 0
01-01 08:23:15.294  5862  5948 D ReaderCore: setAnt START
01-01 08:23:15.305  5862  5948 D ReaderCore: setAnt DONE
01-01 08:23:15.325  5862  5948 W ANTDEBUG: 1
01-01 08:23:15.326  5862  5948 D ReaderCore: setAnt START
01-01 08:23:15.336  5862  5948 D ReaderCore: setAnt DONE
01-01 08:23:15.357  5862  5948 W ANTDEBUG: 2
01-01 08:23:15.357  5862  5948 D ReaderCore: setAnt START
01-01 08:23:15.367  5862  5948 D ReaderCore: setAnt DONE
01-01 08:23:15.388  5862  5948 W ANTDEBUG: 3
01-01 08:23:15.388  5862  5948 D ReaderCore: setAnt START
01-01 08:23:15.398  5862  5948 D ReaderCore: setAnt DONE
01-01 08:23:15.451  5862  5948 W ANTDEBUG: 0
01-01 08:23:15.451  5862  5948 D ReaderCore: setAnt START
01-01 08:23:15.461  5862  5948 D ReaderCore: setAnt DONE
01-01 08:23:15.482  5862  5948 W ANTDEBUG: 1
01-01 08:23:15.482  5862  5948 D ReaderCore: setAnt START
01-01 08:23:15.492  5862  5948 D ReaderCore: setAnt DONE
01-01 08:23:15.513  5862  5948 W ANTDEBUG: 2
01-01 08:23:15.513  5862  5948 D ReaderCore: setAnt START
01-01 08:23:15.524  5862  5948 D ReaderCore: setAnt DONE
01-01 08:23:15.544  5862  5948 W ANTDEBUG: 3
01-01 08:23:15.545  5862  5948 D ReaderCore: setAnt START
01-01 08:23:15.555  5862  5948 D ReaderCore: setAnt DONE
01-01 08:23:15.607  5862  5948 W ANTDEBUG: 0
01-01 08:23:15.607  5862  5948 D ReaderCore: setAnt START
01-01 08:23:15.618  5862  5948 D ReaderCore: setAnt DONE
01-01 08:23:15.638  5862  5948 W ANTDEBUG: 1
01-01 08:23:15.638  5862  5948 D ReaderCore: setAnt START
01-01 08:23:15.649  5862  5948 D ReaderCore: setAnt DONE
01-01 08:23:15.669  5862  5948 W ANTDEBUG: 2
01-01 08:23:15.669  5862  5948 D ReaderCore: setAnt START
01-01 08:23:15.680  5862  5948 D ReaderCore: setAnt DONE
01-01 08:23:15.700  5862  5948 W ANTDEBUG: 3
01-01 08:23:15.700  5862  5948 D ReaderCore: setAnt START
01-01 08:23:15.711  5862  5948 D ReaderCore: setAnt DONE
01-01 08:23:15.773  5862  5948 W ANTDEBUG: 0
01-01 08:23:15.774  5862  5948 D ReaderCore: setAnt START
01-01 08:23:15.784  5862  5948 D ReaderCore: setAnt DONE
01-01 08:23:15.805  5862  5948 W ANTDEBUG: 1
01-01 08:23:15.805  5862  5948 D ReaderCore: setAnt START
01-01 08:23:15.815  5862  5948 D ReaderCore: setAnt DONE
01-01 08:23:15.836  5862  5948 W ANTDEBUG: 2
01-01 08:23:15.836  5862  5948 D ReaderCore: setAnt START
01-01 08:23:15.847  5862  5948 D ReaderCore: setAnt DONE
01-01 08:23:15.873  5862  5948 W ANTDEBUG: 3
01-01 08:23:15.873  5862  5948 D ReaderCore: setAnt START
01-01 08:23:15.877  5862  5959 D AlarmPingSender: Unregister alarmreceiver to MqttServicefd71b6a
01-01 08:23:15.885  5862  5948 D ReaderCore: setAnt DONE
01-01 08:23:15.892  5862  5862 E ganlin  : [MqttClientManager.java,onFailure,120]  MqttException
01-01 08:23:15.938  5862  5948 W ANTDEBUG: 0
01-01 08:23:15.938  5862  5948 D ReaderCore: setAnt START
01-01 08:23:15.949  5862  5948 D ReaderCore: setAnt DONE
01-01 08:23:15.969  5862  5948 W ANTDEBUG: 1
01-01 08:23:15.970  5862  5948 D ReaderCore: setAnt START
01-01 08:23:15.980  5862  5948 D ReaderCore: setAnt DONE
01-01 08:23:16.001  5862  5948 W ANTDEBUG: 2
01-01 08:23:16.001  5862  5948 D ReaderCore: setAnt START
01-01 08:23:16.011  5862  5948 D ReaderCore: setAnt DONE
01-01 08:23:16.033  5862  5948 W ANTDEBUG: 3
01-01 08:23:16.033  5862  5948 D ReaderCore: setAnt START
01-01 08:23:16.043  5862  5948 D ReaderCore: setAnt DONE
01-01 08:23:16.097  5862  5948 W ANTDEBUG: 0
01-01 08:23:16.097  5862  5948 D ReaderCore: setAnt START
01-01 08:23:16.107  5862  5948 D ReaderCore: setAnt DONE
01-01 08:23:16.128  5862  5948 W ANTDEBUG: 1
01-01 08:23:16.128  5862  5948 D ReaderCore: setAnt START
01-01 08:23:16.138  5862  5948 D ReaderCore: setAnt DONE
01-01 08:23:16.159  5862  5948 W ANTDEBUG: 2
01-01 08:23:16.159  5862  5948 D ReaderCore: setAnt START
01-01 08:23:16.170  5862  5948 D ReaderCore: setAnt DONE
01-01 08:23:16.191  5862  5948 W ANTDEBUG: 3
01-01 08:23:16.191  5862  5948 D ReaderCore: setAnt START
01-01 08:23:16.201  5862  5948 D ReaderCore: setAnt DONE
01-01 08:23:16.254  5862  5948 W ANTDEBUG: 0
01-01 08:23:16.254  5862  5948 D ReaderCore: setAnt START
01-01 08:23:16.265  5862  5948 D ReaderCore: setAnt DONE
01-01 08:23:16.285  5862  5948 W ANTDEBUG: 1
01-01 08:23:16.285  5862  5948 D ReaderCore: setAnt START
01-01 08:23:16.296  5862  5948 D ReaderCore: setAnt DONE
01-01 08:23:16.316  5862  5948 W ANTDEBUG: 2
01-01 08:23:16.317  5862  5948 D ReaderCore: setAnt START
01-01 08:23:16.327  5862  5948 D ReaderCore: setAnt DONE
01-01 08:23:16.348  5862  5948 W ANTDEBUG: 3
01-01 08:23:16.348  5862  5948 D ReaderCore: setAnt START
01-01 08:23:16.358  5862  5948 D ReaderCore: setAnt DONE
01-01 08:23:16.411  5862  5948 W ANTDEBUG: 0
01-01 08:23:16.411  5862  5948 D ReaderCore: setAnt START
01-01 08:23:16.421  5862  5948 D ReaderCore: setAnt DONE
01-01 08:23:16.423  4526  4526 D wpa_supplicant: wlan0: Control interface command 'SIGNAL_POLL'
01-01 08:23:16.425  4526  4526 D wpa_supplicant: CTRL-DEBUG: global_ctrl_sock-sendto: sock=8 sndbuf=163840 outq=0 send_len=48
01-01 08:23:16.442  5862  5948 W ANTDEBUG: 1
01-01 08:23:16.442  5862  5948 D ReaderCore: setAnt START
01-01 08:23:16.452  5862  5948 D ReaderCore: setAnt DONE
01-01 08:23:16.473  5862  5948 W ANTDEBUG: 2
01-01 08:23:16.473  5862  5948 D ReaderCore: setAnt START
01-01 08:23:16.483  5862  5948 D ReaderCore: setAnt DONE
01-01 08:23:16.504  5862  5948 W ANTDEBUG: 3
01-01 08:23:16.504  5862  5948 D ReaderCore: setAnt START
01-01 08:23:16.515  5862  5948 D ReaderCore: setAnt DONE
01-01 08:23:16.568  5862  5948 W ANTDEBUG: 0
01-01 08:23:16.568  5862  5948 D ReaderCore: setAnt START
01-01 08:23:16.579  5862  5948 D ReaderCore: setAnt DONE
01-01 08:23:16.600  5862  5948 W ANTDEBUG: 1
01-01 08:23:16.600  5862  5948 D ReaderCore: setAnt START
01-01 08:23:16.611  5862  5948 D ReaderCore: setAnt DONE
01-01 08:23:16.635  5862  5948 W ANTDEBUG: 2
01-01 08:23:16.636  5862  5948 D ReaderCore: setAnt START
01-01 08:23:16.645  5862  5873 I art     : Background sticky concurrent mark sweep GC freed 299764(11MB) AllocSpace objects, 2(124KB) LOS objects, 62% free, 7MB/18MB, paused 2.139ms total 119.581ms
01-01 08:23:16.646  5862  5948 D ReaderCore: setAnt DONE
01-01 08:23:16.667  5862  5948 W ANTDEBUG: 3
01-01 08:23:16.667  5862  5948 D ReaderCore: setAnt START
01-01 08:23:16.677  5862  5948 D ReaderCore: setAnt DONE
01-01 08:23:16.750  5862  5948 W ANTDEBUG: 0
01-01 08:23:16.750  5862  5948 D ReaderCore: setAnt START
01-01 08:23:16.761  5862  5948 D ReaderCore: setAnt DONE
01-01 08:23:16.782  5862  5948 W ANTDEBUG: 1
01-01 08:23:16.782  5862  5948 D ReaderCore: setAnt START
01-01 08:23:16.795  5862  5948 D ReaderCore: setAnt DONE
01-01 08:23:16.816  5862  5948 W ANTDEBUG: 2
01-01 08:23:16.816  5862  5948 D ReaderCore: setAnt START
01-01 08:23:16.827  5862  5948 D ReaderCore: setAnt DONE
01-01 08:23:16.852  5862  5948 W ANTDEBUG: 3
01-01 08:23:16.852  5862  5948 D ReaderCore: setAnt START
01-01 08:23:16.863  5862  5948 D ReaderCore: setAnt DONE
01-01 08:23:16.916  5862  5948 W ANTDEBUG: 0
01-01 08:23:16.916  5862  5948 D ReaderCore: setAnt START
01-01 08:23:16.927  5862  5948 D ReaderCore: setAnt DONE
01-01 08:23:16.947  5862  5948 W ANTDEBUG: 1
01-01 08:23:16.947  5862  5948 D ReaderCore: setAnt START
01-01 08:23:16.958  5862  5948 D ReaderCore: setAnt DONE
01-01 08:23:16.978  5862  5948 W ANTDEBUG: 2
01-01 08:23:16.978  5862  5948 D ReaderCore: setAnt START
01-01 08:23:16.989  5862  5948 D ReaderCore: setAnt DONE
01-01 08:23:17.010  5862  5948 W ANTDEBUG: 3
01-01 08:23:17.010  5862  5948 D ReaderCore: setAnt START
01-01 08:23:17.022  5862  5948 D ReaderCore: setAnt DONE
01-01 08:23:17.096  5862  5948 W ANTDEBUG: 0
01-01 08:23:17.096  5862  5948 D ReaderCore: setAnt START
01-01 08:23:17.107  5862  5948 D ReaderCore: setAnt DONE
01-01 08:23:17.128  5862  5948 W ANTDEBUG: 1
01-01 08:23:17.128  5862  5948 D ReaderCore: setAnt START
01-01 08:23:17.138  5862  5948 D ReaderCore: setAnt DONE
01-01 08:23:17.159  5862  5948 W ANTDEBUG: 2
01-01 08:23:17.159  5862  5948 D ReaderCore: setAnt START
01-01 08:23:17.169  5862  5948 D ReaderCore: setAnt DONE
01-01 08:23:17.190  5862  5948 W ANTDEBUG: 3
01-01 08:23:17.190  5862  5948 D ReaderCore: setAnt START
01-01 08:23:17.200  5862  5948 D ReaderCore: setAnt DONE
01-01 08:23:17.273  5862  5948 W ANTDEBUG: 0
01-01 08:23:17.274  5862  5948 D ReaderCore: setAnt START
01-01 08:23:17.285  5862  5948 D ReaderCore: setAnt DONE
01-01 08:23:17.306  5862  5948 W ANTDEBUG: 1
01-01 08:23:17.306  5862  5948 D ReaderCore: setAnt START
01-01 08:23:17.317  5862  5948 D ReaderCore: setAnt DONE
01-01 08:23:17.338  5862  5948 W ANTDEBUG: 2
01-01 08:23:17.338  5862  5948 D ReaderCore: setAnt START
01-01 08:23:17.348  5862  5948 D ReaderCore: setAnt DONE
01-01 08:23:17.369  5862  5948 W ANTDEBUG: 3
01-01 08:23:17.369  5862  5948 D ReaderCore: setAnt START
01-01 08:23:17.380  5862  5948 D ReaderCore: setAnt DONE
01-01 08:23:17.442  5862  5948 W ANTDEBUG: 0
01-01 08:23:17.443  5862  5948 D ReaderCore: setAnt START
01-01 08:23:17.453  5862  5948 D ReaderCore: setAnt DONE
01-01 08:23:17.474  5862  5948 W ANTDEBUG: 1
01-01 08:23:17.474  5862  5948 D ReaderCore: setAnt START
01-01 08:23:17.484  5862  5948 D ReaderCore: setAnt DONE
01-01 08:23:17.505  5862  5948 W ANTDEBUG: 2
01-01 08:23:17.505  5862  5948 D ReaderCore: setAnt START
01-01 08:23:17.515  5862  5948 D ReaderCore: setAnt DONE
01-01 08:23:17.537  5862  5948 W ANTDEBUG: 3
01-01 08:23:17.537  5862  5948 D ReaderCore: setAnt START
01-01 08:23:17.548  5862  5948 D ReaderCore: setAnt DONE
01-01 08:23:17.603  5862  5948 W ANTDEBUG: 0
01-01 08:23:17.603  5862  5948 D ReaderCore: setAnt START
01-01 08:23:17.614  5862  5948 D ReaderCore: setAnt DONE
01-01 08:23:17.635  5862  5948 W ANTDEBUG: 1
01-01 08:23:17.635  5862  5948 D ReaderCore: setAnt START
01-01 08:23:17.645  5862  5948 D ReaderCore: setAnt DONE
01-01 08:23:17.666  5862  5948 W ANTDEBUG: 2
01-01 08:23:17.666  5862  5948 D ReaderCore: setAnt START
01-01 08:23:17.676  5862  5948 D ReaderCore: setAnt DONE
01-01 08:23:17.697  5862  5948 W ANTDEBUG: 3
01-01 08:23:17.697  5862  5948 D ReaderCore: setAnt START
01-01 08:23:17.707  5862  5948 D ReaderCore: setAnt DONE
01-01 08:23:17.770  5862  5948 W ANTDEBUG: 0
01-01 08:23:17.770  5862  5948 D ReaderCore: setAnt START
01-01 08:23:17.780  5862  5948 D ReaderCore: setAnt DONE
01-01 08:23:17.801  5862  5948 W ANTDEBUG: 1
01-01 08:23:17.801  5862  5948 D ReaderCore: setAnt START
01-01 08:23:17.812  5862  5948 D ReaderCore: setAnt DONE
01-01 08:23:17.833  5862  5948 W ANTDEBUG: 2
01-01 08:23:17.833  5862  5948 D ReaderCore: setAnt START
01-01 08:23:17.843  5862  5948 D ReaderCore: setAnt DONE
01-01 08:23:17.864  5862  5948 W ANTDEBUG: 3
01-01 08:23:17.864  5862  5948 D ReaderCore: setAnt START
01-01 08:23:17.874  5862  5948 D ReaderCore: setAnt DONE
01-01 08:23:17.937  5862  5948 W ANTDEBUG: 0
01-01 08:23:17.937  5862  5948 D ReaderCore: setAnt START
01-01 08:23:17.948  5862  5948 D ReaderCore: setAnt DONE
01-01 08:23:17.973  5862  5948 W ANTDEBUG: 1
01-01 08:23:17.973  5862  5948 D ReaderCore: setAnt START
01-01 08:23:17.985  5862  5948 D ReaderCore: setAnt DONE
01-01 08:23:18.007  5862  5948 W ANTDEBUG: 2
01-01 08:23:18.008  5862  5948 D ReaderCore: setAnt START
01-01 08:23:18.018  5862  5948 D ReaderCore: setAnt DONE
01-01 08:23:18.039  5862  5948 W ANTDEBUG: 3
01-01 08:23:18.039  5862  5948 D ReaderCore: setAnt START
01-01 08:23:18.049  5862  5948 D ReaderCore: setAnt DONE
01-01 08:23:18.112  5862  5948 W ANTDEBUG: 0
01-01 08:23:18.112  5862  5948 D ReaderCore: setAnt START
01-01 08:23:18.122  5862  5948 D ReaderCore: setAnt DONE
01-01 08:23:18.143  5862  5948 W ANTDEBUG: 1
01-01 08:23:18.143  5862  5948 D ReaderCore: setAnt START
01-01 08:23:18.154  5862  5948 D ReaderCore: setAnt DONE
01-01 08:23:18.174  5862  5948 W ANTDEBUG: 2
01-01 08:23:18.175  5862  5948 D ReaderCore: setAnt START
01-01 08:23:18.185  5862  5948 D ReaderCore: setAnt DONE
01-01 08:23:18.206  5862  5948 W ANTDEBUG: 3
01-01 08:23:18.206  5862  5948 D ReaderCore: setAnt START
01-01 08:23:18.216  5862  5948 D ReaderCore: setAnt DONE
01-01 08:23:18.290  5862  5948 W ANTDEBUG: 0
01-01 08:23:18.290  5862  5948 D ReaderCore: setAnt START
01-01 08:23:18.301  5862  5948 D ReaderCore: setAnt DONE
01-01 08:23:18.322  5862  5948 W ANTDEBUG: 1
01-01 08:23:18.322  5862  5948 D ReaderCore: setAnt START
01-01 08:23:18.332  5862  5948 D ReaderCore: setAnt DONE
01-01 08:23:18.353  5862  5948 W ANTDEBUG: 2
01-01 08:23:18.353  5862  5948 D ReaderCore: setAnt START
01-01 08:23:18.363  5862  5948 D ReaderCore: setAnt DONE
01-01 08:23:18.384  5862  5948 W ANTDEBUG: 3
01-01 08:23:18.384  5862  5948 D ReaderCore: setAnt START
01-01 08:23:18.397  5862  5948 D ReaderCore: setAnt DONE
01-01 08:23:18.452  5862  5948 W ANTDEBUG: 0
01-01 08:23:18.452  5862  5948 D ReaderCore: setAnt START
01-01 08:23:18.464  5862  5948 D ReaderCore: setAnt DONE
01-01 08:23:18.485  5862  5948 W ANTDEBUG: 1
01-01 08:23:18.485  5862  5948 D ReaderCore: setAnt START
01-01 08:23:18.498  5862  5948 D ReaderCore: setAnt DONE
01-01 08:23:18.522  5862  5948 W ANTDEBUG: 2
01-01 08:23:18.522  5862  5948 D ReaderCore: setAnt START
01-01 08:23:18.532  5862  5948 D ReaderCore: setAnt DONE
01-01 08:23:18.554  5862  5948 W ANTDEBUG: 3
01-01 08:23:18.554  5862  5948 D ReaderCore: setAnt START
01-01 08:23:18.564  5862  5948 D ReaderCore: setAnt DONE
01-01 08:23:18.584  5862  5873 I art     : Background sticky concurrent mark sweep GC freed 302419(11MB) AllocSpace objects, 0(0B) LOS objects, 62% free, 7MB/18MB, paused 2.023ms total 113.141ms
01-01 08:23:18.622  5862  5948 W ANTDEBUG: 0
01-01 08:23:18.622  5862  5948 D ReaderCore: setAnt START
01-01 08:23:18.632  5862  5948 D ReaderCore: setAnt DONE
01-01 08:23:18.653  5862  5948 W ANTDEBUG: 1
01-01 08:23:18.653  5862  5948 D ReaderCore: setAnt START
01-01 08:23:18.663  5862  5948 D ReaderCore: setAnt DONE
01-01 08:23:18.684  5862  5948 W ANTDEBUG: 2
01-01 08:23:18.684  5862  5948 D ReaderCore: setAnt START
01-01 08:23:18.694  5862  5948 D ReaderCore: setAnt DONE
01-01 08:23:18.715  5862  5948 W ANTDEBUG: 3
01-01 08:23:18.715  5862  5948 D ReaderCore: setAnt START
01-01 08:23:18.725  5862  5948 D ReaderCore: setAnt DONE
01-01 08:23:18.778  5862  5948 W ANTDEBUG: 0
01-01 08:23:18.778  5862  5948 D ReaderCore: setAnt START
01-01 08:23:18.788  5862  5948 D ReaderCore: setAnt DONE
01-01 08:23:18.809  5862  5948 W ANTDEBUG: 1
01-01 08:23:18.809  5862  5948 D ReaderCore: setAnt START
01-01 08:23:18.819  5862  5948 D ReaderCore: setAnt DONE
01-01 08:23:18.840  5862  5948 W ANTDEBUG: 2
01-01 08:23:18.840  5862  5948 D ReaderCore: setAnt START
01-01 08:23:18.851  5862  5948 D ReaderCore: setAnt DONE
01-01 08:23:18.872  5862  5948 W ANTDEBUG: 3
01-01 08:23:18.872  5862  5948 D ReaderCore: setAnt START
01-01 08:23:18.882  5862  5948 D ReaderCore: setAnt DONE
01-01 08:23:18.956  5862  5948 W ANTDEBUG: 0
01-01 08:23:18.956  5862  5948 D ReaderCore: setAnt START
01-01 08:23:18.966  5862  5948 D ReaderCore: setAnt DONE
01-01 08:23:18.987  5862  5948 W ANTDEBUG: 1
01-01 08:23:18.987  5862  5948 D ReaderCore: setAnt START
01-01 08:23:18.997  5862  5948 D ReaderCore: setAnt DONE
01-01 08:23:19.021  5862  5948 W ANTDEBUG: 2
01-01 08:23:19.021  5862  5948 D ReaderCore: setAnt START
01-01 08:23:19.036  5862  5948 D ReaderCore: setAnt DONE
01-01 08:23:19.057  5862  5948 W ANTDEBUG: 3
01-01 08:23:19.057  5862  5948 D ReaderCore: setAnt START
01-01 08:23:19.068  5862  5948 D ReaderCore: setAnt DONE
01-01 08:23:19.122  5862  5948 W ANTDEBUG: 0
01-01 08:23:19.123  5862  5948 D ReaderCore: setAnt START
01-01 08:23:19.133  5862  5948 D ReaderCore: setAnt DONE
01-01 08:23:19.154  5862  5948 W ANTDEBUG: 1
01-01 08:23:19.154  5862  5948 D ReaderCore: setAnt START
01-01 08:23:19.164  5862  5948 D ReaderCore: setAnt DONE
01-01 08:23:19.185  5862  5948 W ANTDEBUG: 2
01-01 08:23:19.185  5862  5948 D ReaderCore: setAnt START
01-01 08:23:19.195  5862  5948 D ReaderCore: setAnt DONE
01-01 08:23:19.216  5862  5948 W ANTDEBUG: 3
01-01 08:23:19.216  5862  5948 D ReaderCore: setAnt START
01-01 08:23:19.226  5862  5948 D ReaderCore: setAnt DONE
01-01 08:23:19.299  5862  5948 W ANTDEBUG: 0
01-01 08:23:19.299  5862  5948 D ReaderCore: setAnt START
01-01 08:23:19.309  5862  5948 D ReaderCore: setAnt DONE
01-01 08:23:19.332  5862  5948 W ANTDEBUG: 1
01-01 08:23:19.332  5862  5948 D ReaderCore: setAnt START
01-01 08:23:19.344  5862  5948 D ReaderCore: setAnt DONE
01-01 08:23:19.368  5862  5948 W ANTDEBUG: 2
01-01 08:23:19.368  5862  5948 D ReaderCore: setAnt START
01-01 08:23:19.382  5862  5948 D ReaderCore: setAnt DONE
01-01 08:23:19.402  5862  5948 W ANTDEBUG: 3
01-01 08:23:19.403  5862  5948 D ReaderCore: setAnt START
01-01 08:23:19.413  5862  5948 D ReaderCore: setAnt DONE
01-01 08:23:19.428  4526  4526 D wpa_supplicant: wlan0: Control interface command 'SIGNAL_POLL'
01-01 08:23:19.441  4526  4526 D wpa_supplicant: CTRL-DEBUG: global_ctrl_sock-sendto: sock=8 sndbuf=163840 outq=0 send_len=48
01-01 08:23:19.477  5862  5948 W ANTDEBUG: 0
01-01 08:23:19.477  5862  5948 D ReaderCore: setAnt START
01-01 08:23:19.487  5862  5948 D ReaderCore: setAnt DONE
01-01 08:23:19.508  5862  5948 W ANTDEBUG: 1
01-01 08:23:19.508  5862  5948 D ReaderCore: setAnt START
01-01 08:23:19.518  5862  5948 D ReaderCore: setAnt DONE
01-01 08:23:19.539  5862  5948 W ANTDEBUG: 2
01-01 08:23:19.539  5862  5948 D ReaderCore: setAnt START
01-01 08:23:19.549  5862  5948 D ReaderCore: setAnt DONE
01-01 08:23:19.570  5862  5948 W ANTDEBUG: 3
01-01 08:23:19.570  5862  5948 D ReaderCore: setAnt START
01-01 08:23:19.580  5862  5948 D ReaderCore: setAnt DONE
01-01 08:23:19.658  5862  5948 W ANTDEBUG: 0
01-01 08:23:19.658  5862  5948 D ReaderCore: setAnt START
01-01 08:23:19.668  5862  5948 D ReaderCore: setAnt DONE
01-01 08:23:19.697  5862  5948 W ANTDEBUG: 1
01-01 08:23:19.697  5862  5948 D ReaderCore: setAnt START
01-01 08:23:19.707  5862  5948 D ReaderCore: setAnt DONE
01-01 08:23:19.728  5862  5948 W ANTDEBUG: 2
01-01 08:23:19.728  5862  5948 D ReaderCore: setAnt START
01-01 08:23:19.738  5862  5948 D ReaderCore: setAnt DONE
01-01 08:23:19.759  5862  5948 W ANTDEBUG: 3
01-01 08:23:19.759  5862  5948 D ReaderCore: setAnt START
01-01 08:23:19.771  5862  5948 D ReaderCore: setAnt DONE
01-01 08:23:19.825  5862  5948 W ANTDEBUG: 0
01-01 08:23:19.825  5862  5948 D ReaderCore: setAnt START
01-01 08:23:19.836  5862  5948 D ReaderCore: setAnt DONE
01-01 08:23:19.858  5862  5948 W ANTDEBUG: 1
01-01 08:23:19.858  5862  5948 D ReaderCore: setAnt START
01-01 08:23:19.868  5862  5948 D ReaderCore: setAnt DONE
01-01 08:23:19.889  5862  5948 W ANTDEBUG: 2
01-01 08:23:19.889  5862  5948 D ReaderCore: setAnt START
01-01 08:23:19.899  5862  5948 D ReaderCore: setAnt DONE
01-01 08:23:19.920  5862  5948 W ANTDEBUG: 3
01-01 08:23:19.920  5862  5948 D ReaderCore: setAnt START
01-01 08:23:19.930  5862  5948 D ReaderCore: setAnt DONE
01-01 08:23:20.003  5862  5948 W ANTDEBUG: 0
01-01 08:23:20.003  5862  5948 D ReaderCore: setAnt START
01-01 08:23:20.014  5862  5948 D ReaderCore: setAnt DONE
01-01 08:23:20.036  5862  5948 W ANTDEBUG: 1
01-01 08:23:20.036  5862  5948 D ReaderCore: setAnt START
01-01 08:23:20.050  5862  5948 D ReaderCore: setAnt DONE
01-01 08:23:20.071  5862  5948 W ANTDEBUG: 2
01-01 08:23:20.071  5862  5948 D ReaderCore: setAnt START
01-01 08:23:20.081  5862  5948 D ReaderCore: setAnt DONE
01-01 08:23:20.102  5862  5948 W ANTDEBUG: 3
01-01 08:23:20.103  5862  5948 D ReaderCore: setAnt START
01-01 08:23:20.113  5862  5948 D ReaderCore: setAnt DONE
01-01 08:23:20.176  5862  5948 W ANTDEBUG: 0
01-01 08:23:20.176  5862  5948 D ReaderCore: setAnt START
01-01 08:23:20.187  5862  5948 D ReaderCore: setAnt DONE
01-01 08:23:20.207  5862  5948 W ANTDEBUG: 1
01-01 08:23:20.207  5862  5948 D ReaderCore: setAnt START
01-01 08:23:20.218  5862  5948 D ReaderCore: setAnt DONE
01-01 08:23:20.238  5862  5948 W ANTDEBUG: 2
01-01 08:23:20.239  5862  5948 D ReaderCore: setAnt START
01-01 08:23:20.249  5862  5948 D ReaderCore: setAnt DONE
01-01 08:23:20.273  5862  5948 W ANTDEBUG: 3
01-01 08:23:20.273  5862  5948 D ReaderCore: setAnt START
01-01 08:23:20.284  5862  5948 D ReaderCore: setAnt DONE
01-01 08:23:20.353  5862  5948 W ANTDEBUG: 0
01-01 08:23:20.353  5862  5948 D ReaderCore: setAnt START
01-01 08:23:20.364  5862  5948 D ReaderCore: setAnt DONE
01-01 08:23:20.385  5862  5948 W ANTDEBUG: 1
01-01 08:23:20.385  5862  5948 D ReaderCore: setAnt START
01-01 08:23:20.395  5862  5948 D ReaderCore: setAnt DONE
01-01 08:23:20.416  5862  5948 W ANTDEBUG: 2
01-01 08:23:20.416  5862  5948 D ReaderCore: setAnt START
01-01 08:23:20.427  5862  5948 D ReaderCore: setAnt DONE
01-01 08:23:20.441  5862  5873 I art     : Background sticky concurrent mark sweep GC freed 303169(11MB) AllocSpace objects, 0(0B) LOS objects, 61% free, 7MB/18MB, paused 1.927ms total 103.476ms
01-01 08:23:20.448  5862  5948 W ANTDEBUG: 3
01-01 08:23:20.448  5862  5948 D ReaderCore: setAnt START
01-01 08:23:20.458  5862  5948 D ReaderCore: setAnt DONE
01-01 08:23:20.514  5862  5948 W ANTDEBUG: 0
01-01 08:23:20.514  5862  5948 D ReaderCore: setAnt START
01-01 08:23:20.525  5862  5948 D ReaderCore: setAnt DONE
01-01 08:23:20.546  5862  5948 W ANTDEBUG: 1
01-01 08:23:20.546  5862  5948 D ReaderCore: setAnt START
01-01 08:23:20.557  5862  5948 D ReaderCore: setAnt DONE
01-01 08:23:20.577  5862  5948 W ANTDEBUG: 2
01-01 08:23:20.578  5862  5948 D ReaderCore: setAnt START
01-01 08:23:20.588  5862  5948 D ReaderCore: setAnt DONE
01-01 08:23:20.608  5862  5948 W ANTDEBUG: 3
01-01 08:23:20.609  5862  5948 D ReaderCore: setAnt START
01-01 08:23:20.619  5862  5948 D ReaderCore: setAnt DONE
01-01 08:23:20.704  5862  5948 W ANTDEBUG: 0
01-01 08:23:20.704  5862  5948 D ReaderCore: setAnt START
01-01 08:23:20.715  5862  5948 D ReaderCore: setAnt DONE
01-01 08:23:20.736  5862  5948 W ANTDEBUG: 1
01-01 08:23:20.736  5862  5948 D ReaderCore: setAnt START
01-01 08:23:20.746  5862  5948 D ReaderCore: setAnt DONE
01-01 08:23:20.767  5862  5948 W ANTDEBUG: 2
01-01 08:23:20.767  5862  5948 D ReaderCore: setAnt START
01-01 08:23:20.777  5862  5948 D ReaderCore: setAnt DONE
01-01 08:23:20.800  5862  5948 W ANTDEBUG: 3
01-01 08:23:20.800  5862  5948 D ReaderCore: setAnt START
01-01 08:23:20.811  5862  5948 D ReaderCore: setAnt DONE
01-01 08:23:20.824  5862  5867 I art     : Do partial code cache collection, code=232KB, data=250KB
01-01 08:23:20.826  5862  5867 I art     : After code cache collection, code=232KB, data=250KB
01-01 08:23:20.826  5862  5867 I art     : Increasing code cache capacity to 1024KB
01-01 08:23:20.864  5862  5948 W ANTDEBUG: 0
01-01 08:23:20.865  5862  5948 D ReaderCore: setAnt START
01-01 08:23:20.875  5862  5948 D ReaderCore: setAnt DONE
01-01 08:23:20.896  5862  5948 W ANTDEBUG: 1
01-01 08:23:20.896  5862  5948 D ReaderCore: setAnt START
01-01 08:23:20.906  5862  5948 D ReaderCore: setAnt DONE
01-01 08:23:20.927  5862  5948 W ANTDEBUG: 2
01-01 08:23:20.927  5862  5948 D ReaderCore: setAnt START
01-01 08:23:20.938  5862  5948 D ReaderCore: setAnt DONE
01-01 08:23:20.958  5862  5948 W ANTDEBUG: 3
01-01 08:23:20.958  5862  5948 D ReaderCore: setAnt START
01-01 08:23:20.969  5862  5948 D ReaderCore: setAnt DONE
01-01 08:23:21.041  5862  5948 W ANTDEBUG: 0
01-01 08:23:21.042  5862  5948 D ReaderCore: setAnt START
01-01 08:23:21.052  5862  5948 D ReaderCore: setAnt DONE
01-01 08:23:21.074  5862  5948 W ANTDEBUG: 1
01-01 08:23:21.075  5862  5948 D ReaderCore: setAnt START
01-01 08:23:21.094  5862  5948 D ReaderCore: setAnt DONE
01-01 08:23:21.115  5862  5948 W ANTDEBUG: 2
01-01 08:23:21.115  5862  5948 D ReaderCore: setAnt START
01-01 08:23:21.137  5862  5948 D ReaderCore: setAnt DONE
01-01 08:23:21.158  5862  5948 W ANTDEBUG: 3
01-01 08:23:21.158  5862  5948 D ReaderCore: setAnt START
PS C:\Programs\MARATHON SYSTEM\FF-774 778\RFIDTool\UARTool>